13:04:29 **** Clean-only build of configuration Debug for project Syma_Flight_lwip ****
make clean 
rm -rf  ./src/main.o ./src/networking.o ./src/platform.o ./src/platform_zynq.o ./src/xdevcfg_selftest_example.o ./src/xdmaps_example_w_intr.o ./src/xemacps_example_intr_dma.o ./src/xemacps_example_util.o ./src/xqspips_selftest_example.o ./src/xscugic_tapp_example.o ./src/xscutimer_intr_example.o ./src/xscutimer_polled_example.o ./src/xscuwdt_intr_example.o ./src/xtmrctr_intr_example.o ./src/xtmrctr_selftest_example.o  ./src/main.d ./src/networking.d ./src/platform.d ./src/platform_zynq.d ./src/xdevcfg_selftest_example.d ./src/xdmaps_example_w_intr.d ./src/xemacps_example_intr_dma.d ./src/xemacps_example_util.d ./src/xqspips_selftest_example.d ./src/xscugic_tapp_example.d ./src/xscutimer_intr_example.d ./src/xscutimer_polled_example.d ./src/xscuwdt_intr_example.d ./src/xtmrctr_intr_example.d ./src/xtmrctr_selftest_example.d  Syma_Flight_lwip.elf.size  Syma_Flight_lwip.elf
 
13:04:29 **** Clean-only build of project Syma_Flight_lwip_bsp ****
make -k clean 
rm -f ps7_cortexa9_0/lib/libxil.a
13:04:30 **** Build of project Syma_Flight_lwip_bsp ****
make -k all 
Running Make include in ps7_cortexa9_0/libsrc/cpu_cortexa9_v2_1/src
make -C ps7_cortexa9_0/libsrc/cpu_cortexa9_v2_1/src -s include  "SHELL=/bin/sh" "COMPILER=arm-xilinx-eabi-gcc" "ARCHIVER=arm-xilinx-eabi-ar" "COMPILER_FLAGS=  -O2 -c" "EXTRA_COMPILER_FLAGS=-g"
Running Make include in ps7_cortexa9_0/libsrc/devcfg_v3_2/src
make -C ps7_cortexa9_0/libsrc/devcfg_v3_2/src -s include  "SHELL=/bin/sh" "COMPILER=arm-xilinx-eabi-gcc" "ARCHIVER=arm-xilinx-eabi-ar" "COMPILER_FLAGS=  -O2 -c" "EXTRA_COMPILER_FLAGS=-g"
Running Make include in ps7_cortexa9_0/libsrc/dmaps_v2_1/src
make -C ps7_cortexa9_0/libsrc/dmaps_v2_1/src -s include  "SHELL=/bin/sh" "COMPILER=arm-xilinx-eabi-gcc" "ARCHIVER=arm-xilinx-eabi-ar" "COMPILER_FLAGS=  -O2 -c" "EXTRA_COMPILER_FLAGS=-g"
Running Make include in ps7_cortexa9_0/libsrc/emacps_v2_2/src
make -C ps7_cortexa9_0/libsrc/emacps_v2_2/src -s include  "SHELL=/bin/sh" "COMPILER=arm-xilinx-eabi-gcc" "ARCHIVER=arm-xilinx-eabi-ar" "COMPILER_FLAGS=  -O2 -c" "EXTRA_COMPILER_FLAGS=-g"
Running Make include in ps7_cortexa9_0/libsrc/gpiops_v2_2/src
make -C ps7_cortexa9_0/libsrc/gpiops_v2_2/src -s include  "SHELL=/bin/sh" "COMPILER=arm-xilinx-eabi-gcc" "ARCHIVER=arm-xilinx-eabi-ar" "COMPILER_FLAGS=  -O2 -c" "EXTRA_COMPILER_FLAGS=-g"
Running Make include in ps7_cortexa9_0/libsrc/lwip140_v2_3/src
make -C ps7_cortexa9_0/libsrc/lwip140_v2_3/src -s include  "SHELL=/bin/sh" "COMPILER=arm-xilinx-eabi-gcc" "ARCHIVER=arm-xilinx-eabi-ar" "COMPILER_FLAGS=  -O2 -c" "EXTRA_COMPILER_FLAGS=-g"
Running Make include in ps7_cortexa9_0/libsrc/qspips_v3_1/src
make -C ps7_cortexa9_0/libsrc/qspips_v3_1/src -s include  "SHELL=/bin/sh" "COMPILER=arm-xilinx-eabi-gcc" "ARCHIVER=arm-xilinx-eabi-ar" "COMPILER_FLAGS=  -O2 -c" "EXTRA_COMPILER_FLAGS=-g"
Running Make include in ps7_cortexa9_0/libsrc/scugic_v2_1/src
make -C ps7_cortexa9_0/libsrc/scugic_v2_1/src -s include  "SHELL=/bin/sh" "COMPILER=arm-xilinx-eabi-gcc" "ARCHIVER=arm-xilinx-eabi-ar" "COMPILER_FLAGS=  -O2 -c" "EXTRA_COMPILER_FLAGS=-g"
Running Make include in ps7_cortexa9_0/libsrc/scutimer_v2_0/src
make -C ps7_cortexa9_0/libsrc/scutimer_v2_0/src -s include  "SHELL=/bin/sh" "COMPILER=arm-xilinx-eabi-gcc" "ARCHIVER=arm-xilinx-eabi-ar" "COMPILER_FLAGS=  -O2 -c" "EXTRA_COMPILER_FLAGS=-g"
Running Make include in ps7_cortexa9_0/libsrc/scuwdt_v2_0/src
make -C ps7_cortexa9_0/libsrc/scuwdt_v2_0/src -s include  "SHELL=/bin/sh" "COMPILER=arm-xilinx-eabi-gcc" "ARCHIVER=arm-xilinx-eabi-ar" "COMPILER_FLAGS=  -O2 -c" "EXTRA_COMPILER_FLAGS=-g"
Running Make include in ps7_cortexa9_0/libsrc/sdps_v2_3/src
make -C ps7_cortexa9_0/libsrc/sdps_v2_3/src -s include  "SHELL=/bin/sh" "COMPILER=arm-xilinx-eabi-gcc" "ARCHIVER=arm-xilinx-eabi-ar" "COMPILER_FLAGS=  -O2 -c" "EXTRA_COMPILER_FLAGS=-g"
Running Make include in ps7_cortexa9_0/libsrc/standalone_v4_2/src
make -C ps7_cortexa9_0/libsrc/standalone_v4_2/src -s include  "SHELL=/bin/sh" "COMPILER=arm-xilinx-eabi-gcc" "ARCHIVER=arm-xilinx-eabi-ar" "COMPILER_FLAGS=  -O2 -c" "EXTRA_COMPILER_FLAGS=-g"
Running Make include in ps7_cortexa9_0/libsrc/syma_ctrl_core_v1_0/src
make -C ps7_cortexa9_0/libsrc/syma_ctrl_core_v1_0/src -s include  "SHELL=/bin/sh" "COMPILER=arm-xilinx-eabi-gcc" "ARCHIVER=arm-xilinx-eabi-ar" "COMPILER_FLAGS=  -O2 -c" "EXTRA_COMPILER_FLAGS=-g"
Running Make include in ps7_cortexa9_0/libsrc/tmrctr_v3_0/src
make -C ps7_cortexa9_0/libsrc/tmrctr_v3_0/src -s include  "SHELL=/bin/sh" "COMPILER=arm-xilinx-eabi-gcc" "ARCHIVER=arm-xilinx-eabi-ar" "COMPILER_FLAGS=  -O2 -c" "EXTRA_COMPILER_FLAGS=-g"
Running Make include in ps7_cortexa9_0/libsrc/ttcps_v2_0/src
make -C ps7_cortexa9_0/libsrc/ttcps_v2_0/src -s include  "SHELL=/bin/sh" "COMPILER=arm-xilinx-eabi-gcc" "ARCHIVER=arm-xilinx-eabi-ar" "COMPILER_FLAGS=  -O2 -c" "EXTRA_COMPILER_FLAGS=-g"
Running Make include in ps7_cortexa9_0/libsrc/uartps_v2_2/src
make -C ps7_cortexa9_0/libsrc/uartps_v2_2/src -s include  "SHELL=/bin/sh" "COMPILER=arm-xilinx-eabi-gcc" "ARCHIVER=arm-xilinx-eabi-ar" "COMPILER_FLAGS=  -O2 -c" "EXTRA_COMPILER_FLAGS=-g"
Running Make include in ps7_cortexa9_0/libsrc/xadcps_v2_1/src
make -C ps7_cortexa9_0/libsrc/xadcps_v2_1/src -s include  "SHELL=/bin/sh" "COMPILER=arm-xilinx-eabi-gcc" "ARCHIVER=arm-xilinx-eabi-ar" "COMPILER_FLAGS=  -O2 -c" "EXTRA_COMPILER_FLAGS=-g"
Running Make libs in ps7_cortexa9_0/libsrc/cpu_cortexa9_v2_1/src
make -C ps7_cortexa9_0/libsrc/cpu_cortexa9_v2_1/src -s libs  "SHELL=/bin/sh" "COMPILER=arm-xilinx-eabi-gcc" "ARCHIVER=arm-xilinx-eabi-ar" "COMPILER_FLAGS=  -O2 -c" "EXTRA_COMPILER_FLAGS=-g"
Compiling cpu_cortexa9
Running Make libs in ps7_cortexa9_0/libsrc/devcfg_v3_2/src
make -C ps7_cortexa9_0/libsrc/devcfg_v3_2/src -s libs  "SHELL=/bin/sh" "COMPILER=arm-xilinx-eabi-gcc" "ARCHIVER=arm-xilinx-eabi-ar" "COMPILER_FLAGS=  -O2 -c" "EXTRA_COMPILER_FLAGS=-g"
Compiling devcfg
arm-xilinx-eabi-ar: creating ../../../lib/libxil.a
Running Make libs in ps7_cortexa9_0/libsrc/dmaps_v2_1/src
make -C ps7_cortexa9_0/libsrc/dmaps_v2_1/src -s libs  "SHELL=/bin/sh" "COMPILER=arm-xilinx-eabi-gcc" "ARCHIVER=arm-xilinx-eabi-ar" "COMPILER_FLAGS=  -O2 -c" "EXTRA_COMPILER_FLAGS=-g"
Compiling dmaps
Running Make libs in ps7_cortexa9_0/libsrc/emacps_v2_2/src
make -C ps7_cortexa9_0/libsrc/emacps_v2_2/src -s libs  "SHELL=/bin/sh" "COMPILER=arm-xilinx-eabi-gcc" "ARCHIVER=arm-xilinx-eabi-ar" "COMPILER_FLAGS=  -O2 -c" "EXTRA_COMPILER_FLAGS=-g"
Compiling emacps
Running Make libs in ps7_cortexa9_0/libsrc/gpiops_v2_2/src
make -C ps7_cortexa9_0/libsrc/gpiops_v2_2/src -s libs  "SHELL=/bin/sh" "COMPILER=arm-xilinx-eabi-gcc" "ARCHIVER=arm-xilinx-eabi-ar" "COMPILER_FLAGS=  -O2 -c" "EXTRA_COMPILER_FLAGS=-g"
Compiling gpiops
Running Make libs in ps7_cortexa9_0/libsrc/lwip140_v2_3/src
make -C ps7_cortexa9_0/libsrc/lwip140_v2_3/src -s libs  "SHELL=/bin/sh" "COMPILER=arm-xilinx-eabi-gcc" "ARCHIVER=arm-xilinx-eabi-ar" "COMPILER_FLAGS=  -O2 -c" "EXTRA_COMPILER_FLAGS=-g"
Compiling lwIP
Compiling lwIP adapter for Xilinx MAC
Creating archive liblwip4.a
clean target for lwip
Running Make libs in ps7_cortexa9_0/libsrc/qspips_v3_1/src
make -C ps7_cortexa9_0/libsrc/qspips_v3_1/src -s libs  "SHELL=/bin/sh" "COMPILER=arm-xilinx-eabi-gcc" "ARCHIVER=arm-xilinx-eabi-ar" "COMPILER_FLAGS=  -O2 -c" "EXTRA_COMPILER_FLAGS=-g"
Compiling qspips
Running Make libs in ps7_cortexa9_0/libsrc/scugic_v2_1/src
make -C ps7_cortexa9_0/libsrc/scugic_v2_1/src -s libs  "SHELL=/bin/sh" "COMPILER=arm-xilinx-eabi-gcc" "ARCHIVER=arm-xilinx-eabi-ar" "COMPILER_FLAGS=  -O2 -c" "EXTRA_COMPILER_FLAGS=-g"
Compiling scugic
Running Make libs in ps7_cortexa9_0/libsrc/scutimer_v2_0/src
make -C ps7_cortexa9_0/libsrc/scutimer_v2_0/src -s libs  "SHELL=/bin/sh" "COMPILER=arm-xilinx-eabi-gcc" "ARCHIVER=arm-xilinx-eabi-ar" "COMPILER_FLAGS=  -O2 -c" "EXTRA_COMPILER_FLAGS=-g"
Compiling scutimer
Running Make libs in ps7_cortexa9_0/libsrc/scuwdt_v2_0/src
make -C ps7_cortexa9_0/libsrc/scuwdt_v2_0/src -s libs  "SHELL=/bin/sh" "COMPILER=arm-xilinx-eabi-gcc" "ARCHIVER=arm-xilinx-eabi-ar" "COMPILER_FLAGS=  -O2 -c" "EXTRA_COMPILER_FLAGS=-g"
Compiling scuwdt
Running Make libs in ps7_cortexa9_0/libsrc/sdps_v2_3/src
make -C ps7_cortexa9_0/libsrc/sdps_v2_3/src -s libs  "SHELL=/bin/sh" "COMPILER=arm-xilinx-eabi-gcc" "ARCHIVER=arm-xilinx-eabi-ar" "COMPILER_FLAGS=  -O2 -c" "EXTRA_COMPILER_FLAGS=-g"
Compiling sdps
Running Make libs in ps7_cortexa9_0/libsrc/standalone_v4_2/src
make -C ps7_cortexa9_0/libsrc/standalone_v4_2/src -s libs  "SHELL=/bin/sh" "COMPILER=arm-xilinx-eabi-gcc" "ARCHIVER=arm-xilinx-eabi-ar" "COMPILER_FLAGS=  -O2 -c" "EXTRA_COMPILER_FLAGS=-g"
Compiling standalone
Running Make libs in ps7_cortexa9_0/libsrc/syma_ctrl_core_v1_0/src
make -C ps7_cortexa9_0/libsrc/syma_ctrl_core_v1_0/src -s libs  "SHELL=/bin/sh" "COMPILER=arm-xilinx-eabi-gcc" "ARCHIVER=arm-xilinx-eabi-ar" "COMPILER_FLAGS=  -O2 -c" "EXTRA_COMPILER_FLAGS=-g"
Compiling Syma_Ctrl_core...
Running Make libs in ps7_cortexa9_0/libsrc/tmrctr_v3_0/src
make -C ps7_cortexa9_0/libsrc/tmrctr_v3_0/src -s libs  "SHELL=/bin/sh" "COMPILER=arm-xilinx-eabi-gcc" "ARCHIVER=arm-xilinx-eabi-ar" "COMPILER_FLAGS=  -O2 -c" "EXTRA_COMPILER_FLAGS=-g"
Compiling tmrctr
Running Make libs in ps7_cortexa9_0/libsrc/ttcps_v2_0/src
make -C ps7_cortexa9_0/libsrc/ttcps_v2_0/src -s libs  "SHELL=/bin/sh" "COMPILER=arm-xilinx-eabi-gcc" "ARCHIVER=arm-xilinx-eabi-ar" "COMPILER_FLAGS=  -O2 -c" "EXTRA_COMPILER_FLAGS=-g"
Compiling ttcps
Running Make libs in ps7_cortexa9_0/libsrc/uartps_v2_2/src
make -C ps7_cortexa9_0/libsrc/uartps_v2_2/src -s libs  "SHELL=/bin/sh" "COMPILER=arm-xilinx-eabi-gcc" "ARCHIVER=arm-xilinx-eabi-ar" "COMPILER_FLAGS=  -O2 -c" "EXTRA_COMPILER_FLAGS=-g"
Compiling uartps
Running Make libs in ps7_cortexa9_0/libsrc/xadcps_v2_1/src
make -C ps7_cortexa9_0/libsrc/xadcps_v2_1/src -s libs  "SHELL=/bin/sh" "COMPILER=arm-xilinx-eabi-gcc" "ARCHIVER=arm-xilinx-eabi-ar" "COMPILER_FLAGS=  -O2 -c" "EXTRA_COMPILER_FLAGS=-g"
Compiling xadcps
Finished building libraries
13:05:01 **** Build of configuration Debug for project Syma_Flight_lwip ****
make all 
Building file: ../src/main.c
Invoking: ARM gcc compiler
arm-xilinx-eabi-gcc -Wall -O0 -g3 -c -fmessage-length=0 -MT"src/main.o" -I../../Syma_Flight_lwip_bsp/ps7_cortexa9_0/include -MMD -MP -MF"src/main.d" -MT"src/main.d" -o "src/main.o" "../src/main.c"
Finished building: ../src/main.c
 
Building file: ../src/networking.c
Invoking: ARM gcc compiler
arm-xilinx-eabi-gcc -Wall -O0 -g3 -c -fmessage-length=0 -MT"src/networking.o" -I../../Syma_Flight_lwip_bsp/ps7_cortexa9_0/include -MMD -MP -MF"src/networking.d" -MT"src/networking.d" -o "src/networking.o" "../src/networking.c"
Finished building: ../src/networking.c
 
Building file: ../src/platform.c
Invoking: ARM gcc compiler
arm-xilinx-eabi-gcc -Wall -O0 -g3 -c -fmessage-length=0 -MT"src/platform.o" -I../../Syma_Flight_lwip_bsp/ps7_cortexa9_0/include -MMD -MP -MF"src/platform.d" -MT"src/platform.d" -o "src/platform.o" "../src/platform.c"
Finished building: ../src/platform.c
 
Building file: ../src/platform_zynq.c
Invoking: ARM gcc compiler
arm-xilinx-eabi-gcc -Wall -O0 -g3 -c -fmessage-length=0 -MT"src/platform_zynq.o" -I../../Syma_Flight_lwip_bsp/ps7_cortexa9_0/include -MMD -MP -MF"src/platform_zynq.d" -MT"src/platform_zynq.d" -o "src/platform_zynq.o" "../src/platform_zynq.c"
Finished building: ../src/platform_zynq.c
 
Building file: ../src/xdevcfg_selftest_example.c
Invoking: ARM gcc compiler
arm-xilinx-eabi-gcc -Wall -O0 -g3 -c -fmessage-length=0 -MT"src/xdevcfg_selftest_example.o" -I../../Syma_Flight_lwip_bsp/ps7_cortexa9_0/include -MMD -MP -MF"src/xdevcfg_selftest_example.d" -MT"src/xdevcfg_selftest_example.d" -o "src/xdevcfg_selftest_example.o" "../src/xdevcfg_selftest_example.c"
Finished building: ../src/xdevcfg_selftest_example.c
 
Building file: ../src/xdmaps_example_w_intr.c
Invoking: ARM gcc compiler
arm-xilinx-eabi-gcc -Wall -O0 -g3 -c -fmessage-length=0 -MT"src/xdmaps_example_w_intr.o" -I../../Syma_Flight_lwip_bsp/ps7_cortexa9_0/include -MMD -MP -MF"src/xdmaps_example_w_intr.d" -MT"src/xdmaps_example_w_intr.d" -o "src/xdmaps_example_w_intr.o" "../src/xdmaps_example_w_intr.c"
Finished building: ../src/xdmaps_example_w_intr.c
 
Building file: ../src/xemacps_example_intr_dma.c
Invoking: ARM gcc compiler
arm-xilinx-eabi-gcc -Wall -O0 -g3 -c -fmessage-length=0 -MT"src/xemacps_example_intr_dma.o" -I../../Syma_Flight_lwip_bsp/ps7_cortexa9_0/include -MMD -MP -MF"src/xemacps_example_intr_dma.d" -MT"src/xemacps_example_intr_dma.d" -o "src/xemacps_example_intr_dma.o" "../src/xemacps_example_intr_dma.c"
Finished building: ../src/xemacps_example_intr_dma.c
 
Building file: ../src/xemacps_example_util.c
Invoking: ARM gcc compiler
arm-xilinx-eabi-gcc -Wall -O0 -g3 -c -fmessage-length=0 -MT"src/xemacps_example_util.o" -I../../Syma_Flight_lwip_bsp/ps7_cortexa9_0/include -MMD -MP -MF"src/xemacps_example_util.d" -MT"src/xemacps_example_util.d" -o "src/xemacps_example_util.o" "../src/xemacps_example_util.c"
Finished building: ../src/xemacps_example_util.c
 
Building file: ../src/xqspips_selftest_example.c
Invoking: ARM gcc compiler
arm-xilinx-eabi-gcc -Wall -O0 -g3 -c -fmessage-length=0 -MT"src/xqspips_selftest_example.o" -I../../Syma_Flight_lwip_bsp/ps7_cortexa9_0/include -MMD -MP -MF"src/xqspips_selftest_example.d" -MT"src/xqspips_selftest_example.d" -o "src/xqspips_selftest_example.o" "../src/xqspips_selftest_example.c"
Finished building: ../src/xqspips_selftest_example.c
 
Building file: ../src/xscugic_tapp_example.c
Invoking: ARM gcc compiler
arm-xilinx-eabi-gcc -Wall -O0 -g3 -c -fmessage-length=0 -MT"src/xscugic_tapp_example.o" -I../../Syma_Flight_lwip_bsp/ps7_cortexa9_0/include -MMD -MP -MF"src/xscugic_tapp_example.d" -MT"src/xscugic_tapp_example.d" -o "src/xscugic_tapp_example.o" "../src/xscugic_tapp_example.c"
Finished building: ../src/xscugic_tapp_example.c
 
Building file: ../src/xscutimer_intr_example.c
Invoking: ARM gcc compiler
arm-xilinx-eabi-gcc -Wall -O0 -g3 -c -fmessage-length=0 -MT"src/xscutimer_intr_example.o" -I../../Syma_Flight_lwip_bsp/ps7_cortexa9_0/include -MMD -MP -MF"src/xscutimer_intr_example.d" -MT"src/xscutimer_intr_example.d" -o "src/xscutimer_intr_example.o" "../src/xscutimer_intr_example.c"
Finished building: ../src/xscutimer_intr_example.c
 
Building file: ../src/xscutimer_polled_example.c
Invoking: ARM gcc compiler
arm-xilinx-eabi-gcc -Wall -O0 -g3 -c -fmessage-length=0 -MT"src/xscutimer_polled_example.o" -I../../Syma_Flight_lwip_bsp/ps7_cortexa9_0/include -MMD -MP -MF"src/xscutimer_polled_example.d" -MT"src/xscutimer_polled_example.d" -o "src/xscutimer_polled_example.o" "../src/xscutimer_polled_example.c"
Finished building: ../src/xscutimer_polled_example.c
 
Building file: ../src/xscuwdt_intr_example.c
Invoking: ARM gcc compiler
arm-xilinx-eabi-gcc -Wall -O0 -g3 -c -fmessage-length=0 -MT"src/xscuwdt_intr_example.o" -I../../Syma_Flight_lwip_bsp/ps7_cortexa9_0/include -MMD -MP -MF"src/xscuwdt_intr_example.d" -MT"src/xscuwdt_intr_example.d" -o "src/xscuwdt_intr_example.o" "../src/xscuwdt_intr_example.c"
Finished building: ../src/xscuwdt_intr_example.c
 
Building file: ../src/xtmrctr_intr_example.c
Invoking: ARM gcc compiler
arm-xilinx-eabi-gcc -Wall -O0 -g3 -c -fmessage-length=0 -MT"src/xtmrctr_intr_example.o" -I../../Syma_Flight_lwip_bsp/ps7_cortexa9_0/include -MMD -MP -MF"src/xtmrctr_intr_example.d" -MT"src/xtmrctr_intr_example.d" -o "src/xtmrctr_intr_example.o" "../src/xtmrctr_intr_example.c"
Finished building: ../src/xtmrctr_intr_example.c
 
Building file: ../src/xtmrctr_selftest_example.c
Invoking: ARM gcc compiler
arm-xilinx-eabi-gcc -Wall -O0 -g3 -c -fmessage-length=0 -MT"src/xtmrctr_selftest_example.o" -I../../Syma_Flight_lwip_bsp/ps7_cortexa9_0/include -MMD -MP -MF"src/xtmrctr_selftest_example.d" -MT"src/xtmrctr_selftest_example.d" -o "src/xtmrctr_selftest_example.o" "../src/xtmrctr_selftest_example.c"
Finished building: ../src/xtmrctr_selftest_example.c
 
Building target: Syma_Flight_lwip.elf
Invoking: ARM gcc linker
arm-xilinx-eabi-gcc -Wl,-T -Wl,../src/lscript.ld -L../../Syma_Flight_lwip_bsp/ps7_cortexa9_0/lib -o "Syma_Flight_lwip.elf"  ./src/main.o ./src/networking.o ./src/platform.o ./src/platform_zynq.o ./src/xdevcfg_selftest_example.o ./src/xdmaps_example_w_intr.o ./src/xemacps_example_intr_dma.o ./src/xemacps_example_util.o ./src/xqspips_selftest_example.o ./src/xscugic_tapp_example.o ./src/xscutimer_intr_example.o ./src/xscutimer_polled_example.o ./src/xscuwdt_intr_example.o ./src/xtmrctr_intr_example.o ./src/xtmrctr_selftest_example.o   -Wl,--start-group,-lxil,-lgcc,-lc,--end-group
./src/main.o: In function `setup_network':
/DIST/home/asoehn/Syma_Flight_Final/Syma_Flight_Final.sdk/Syma_Flight_lwip/Debug/../src/main.c:92: undefined reference to `lwip_init'
/DIST/home/asoehn/Syma_Flight_Final/Syma_Flight_Final.sdk/Syma_Flight_lwip/Debug/../src/main.c:95: undefined reference to `xemac_add'
/DIST/home/asoehn/Syma_Flight_Final/Syma_Flight_Final.sdk/Syma_Flight_lwip/Debug/../src/main.c:101: undefined reference to `netif_set_default'
/DIST/home/asoehn/Syma_Flight_Final/Syma_Flight_Final.sdk/Syma_Flight_lwip/Debug/../src/main.c:107: undefined reference to `netif_set_up'
./src/networking.o: In function `callback_udp_recv':
/DIST/home/asoehn/Syma_Flight_Final/Syma_Flight_Final.sdk/Syma_Flight_lwip/Debug/../src/networking.c:64: undefined reference to `pbuf_free'
./src/networking.o: In function `start_application':
/DIST/home/asoehn/Syma_Flight_Final/Syma_Flight_Final.sdk/Syma_Flight_lwip/Debug/../src/networking.c:83: undefined reference to `udp_new'
/DIST/home/asoehn/Syma_Flight_Final/Syma_Flight_Final.sdk/Syma_Flight_lwip/Debug/../src/networking.c:88: undefined reference to `ip_addr_any'
/DIST/home/asoehn/Syma_Flight_Final/Syma_Flight_Final.sdk/Syma_Flight_lwip/Debug/../src/networking.c:88: undefined reference to `ip_addr_any'
/DIST/home/asoehn/Syma_Flight_Final/Syma_Flight_Final.sdk/Syma_Flight_lwip/Debug/../src/networking.c:88: undefined reference to `udp_bind'
/DIST/home/asoehn/Syma_Flight_Final/Syma_Flight_Final.sdk/Syma_Flight_lwip/Debug/../src/networking.c:94: undefined reference to `udp_recv'
/DIST/home/asoehn/Syma_Flight_Final/Syma_Flight_Final.sdk/Syma_Flight_lwip/Debug/../src/networking.c:99: undefined reference to `xemacif_input'
/DIST/home/asoehn/Syma_Flight_Final/Syma_Flight_Final.sdk/Syma_Flight_lwip/Debug/../src/networking.c:101: undefined reference to `pbuf_alloc'
/DIST/home/asoehn/Syma_Flight_Final/Syma_Flight_Final.sdk/Syma_Flight_lwip/Debug/../src/networking.c:103: undefined reference to `udp_sendto'
/DIST/home/asoehn/Syma_Flight_Final/Syma_Flight_Final.sdk/Syma_Flight_lwip/Debug/../src/networking.c:104: undefined reference to `pbuf_free'
/DIST/home/asoehn/Syma_Flight_Final/Syma_Flight_Final.sdk/Syma_Flight_lwip/Debug/../src/networking.c:111: undefined reference to `udp_disconnect'
./src/platform_zynq.o: In function `timer_callback':
/DIST/home/asoehn/Syma_Flight_Final/Syma_Flight_Final.sdk/Syma_Flight_lwip/Debug/../src/platform_zynq.c:133: undefined reference to `xemacpsif_resetrx_on_no_rxdata'
collect2: error: ld returned 1 exit status
make: *** [Syma_Flight_lwip.elf] Error 1
13:05:05 **** Auto Build of configuration Debug for project test_lwip ****
make all 
Building file: ../src/echo.c
Invoking: ARM gcc compiler
arm-xilinx-eabi-gcc -Wall -O0 -g3 -c -fmessage-length=0 -MT"src/echo.o" -I../../Syma_Flight_lwip_bsp/ps7_cortexa9_0/include -MMD -MP -MF"src/echo.d" -MT"src/echo.d" -o "src/echo.o" "../src/echo.c"
Finished building: ../src/echo.c
 
Building file: ../src/i2c_access.c
Invoking: ARM gcc compiler
arm-xilinx-eabi-gcc -Wall -O0 -g3 -c -fmessage-length=0 -MT"src/i2c_access.o" -I../../Syma_Flight_lwip_bsp/ps7_cortexa9_0/include -MMD -MP -MF"src/i2c_access.d" -MT"src/i2c_access.d" -o "src/i2c_access.o" "../src/i2c_access.c"
Finished building: ../src/i2c_access.c
 
Building file: ../src/main.c
Invoking: ARM gcc compiler
arm-xilinx-eabi-gcc -Wall -O0 -g3 -c -fmessage-length=0 -MT"src/main.o" -I../../Syma_Flight_lwip_bsp/ps7_cortexa9_0/include -MMD -MP -MF"src/main.d" -MT"src/main.d" -o "src/main.o" "../src/main.c"
Finished building: ../src/main.c
 
Building file: ../src/platform_zynq.c
Invoking: ARM gcc compiler
arm-xilinx-eabi-gcc -Wall -O0 -g3 -c -fmessage-length=0 -MT"src/platform_zynq.o" -I../../Syma_Flight_lwip_bsp/ps7_cortexa9_0/include -MMD -MP -MF"src/platform_zynq.d" -MT"src/platform_zynq.d" -o "src/platform_zynq.o" "../src/platform_zynq.c"
Finished building: ../src/platform_zynq.c
 
Building file: ../src/sfp.c
Invoking: ARM gcc compiler
arm-xilinx-eabi-gcc -Wall -O0 -g3 -c -fmessage-length=0 -MT"src/sfp.o" -I../../Syma_Flight_lwip_bsp/ps7_cortexa9_0/include -MMD -MP -MF"src/sfp.d" -MT"src/sfp.d" -o "src/sfp.o" "../src/sfp.c"
Finished building: ../src/sfp.c
 
Building file: ../src/si5324.c
Invoking: ARM gcc compiler
arm-xilinx-eabi-gcc -Wall -O0 -g3 -c -fmessage-length=0 -MT"src/si5324.o" -I../../Syma_Flight_lwip_bsp/ps7_cortexa9_0/include -MMD -MP -MF"src/si5324.d" -MT"src/si5324.d" -o "src/si5324.o" "../src/si5324.c"
Finished building: ../src/si5324.c
 
Building target: test_lwip.elf
Invoking: ARM gcc linker
arm-xilinx-eabi-gcc -Wl,-T -Wl,../src/lscript.ld -L../../Syma_Flight_lwip_bsp/ps7_cortexa9_0/lib -o "test_lwip.elf"  ./src/echo.o ./src/i2c_access.o ./src/main.o ./src/platform.o ./src/platform_mb.o ./src/platform_ppc.o ./src/platform_zynq.o ./src/sfp.o ./src/si5324.o   -Wl,--start-group,-lxil,-lgcc,-lc,--end-group -Wl,--start-group,-lxil,-llwip4,-lgcc,-lc,--end-group
Finished building target: test_lwip.elf
 
Invoking: ARM Print Size
arm-xilinx-eabi-size test_lwip.elf  |tee "test_lwip.elf.size"
   text	   data	    bss	    dec	    hex	filename
  96912	   3152	 713436	 813500	  c69bc	test_lwip.elf
Finished building: test_lwip.elf.size
 
13:11:21 **** Clean-only build of configuration Debug for project Syma_Flight_lwip ****
make clean 
rm -rf  ./src/main.o ./src/networking.o ./src/platform.o ./src/platform_zynq.o ./src/xdevcfg_selftest_example.o ./src/xdmaps_example_w_intr.o ./src/xemacps_example_intr_dma.o ./src/xemacps_example_util.o ./src/xqspips_selftest_example.o ./src/xscugic_tapp_example.o ./src/xscutimer_intr_example.o ./src/xscutimer_polled_example.o ./src/xscuwdt_intr_example.o ./src/xtmrctr_intr_example.o ./src/xtmrctr_selftest_example.o  ./src/main.d ./src/networking.d ./src/platform.d ./src/platform_zynq.d ./src/xdevcfg_selftest_example.d ./src/xdmaps_example_w_intr.d ./src/xemacps_example_intr_dma.d ./src/xemacps_example_util.d ./src/xqspips_selftest_example.d ./src/xscugic_tapp_example.d ./src/xscutimer_intr_example.d ./src/xscutimer_polled_example.d ./src/xscuwdt_intr_example.d ./src/xtmrctr_intr_example.d ./src/xtmrctr_selftest_example.d  Syma_Flight_lwip.elf.size  Syma_Flight_lwip.elf
 
13:11:21 **** Auto Build of configuration Debug for project Syma_Flight_lwip ****
make all 
Building file: ../src/main.c
Invoking: ARM gcc compiler
arm-xilinx-eabi-gcc -Wall -O0 -g3 -c -fmessage-length=0 -MT"src/main.o" -I../../Syma_Flight_lwip_bsp/ps7_cortexa9_0/include -MMD -MP -MF"src/main.d" -MT"src/main.d" -o "src/main.o" "../src/main.c"
Finished building: ../src/main.c
 
Building file: ../src/networking.c
Invoking: ARM gcc compiler
arm-xilinx-eabi-gcc -Wall -O0 -g3 -c -fmessage-length=0 -MT"src/networking.o" -I../../Syma_Flight_lwip_bsp/ps7_cortexa9_0/include -MMD -MP -MF"src/networking.d" -MT"src/networking.d" -o "src/networking.o" "../src/networking.c"
Finished building: ../src/networking.c
 
Building file: ../src/platform.c
Invoking: ARM gcc compiler
arm-xilinx-eabi-gcc -Wall -O0 -g3 -c -fmessage-length=0 -MT"src/platform.o" -I../../Syma_Flight_lwip_bsp/ps7_cortexa9_0/include -MMD -MP -MF"src/platform.d" -MT"src/platform.d" -o "src/platform.o" "../src/platform.c"
Finished building: ../src/platform.c
 
Building file: ../src/platform_zynq.c
Invoking: ARM gcc compiler
arm-xilinx-eabi-gcc -Wall -O0 -g3 -c -fmessage-length=0 -MT"src/platform_zynq.o" -I../../Syma_Flight_lwip_bsp/ps7_cortexa9_0/include -MMD -MP -MF"src/platform_zynq.d" -MT"src/platform_zynq.d" -o "src/platform_zynq.o" "../src/platform_zynq.c"
Finished building: ../src/platform_zynq.c
 
Building file: ../src/xdevcfg_selftest_example.c
Invoking: ARM gcc compiler
arm-xilinx-eabi-gcc -Wall -O0 -g3 -c -fmessage-length=0 -MT"src/xdevcfg_selftest_example.o" -I../../Syma_Flight_lwip_bsp/ps7_cortexa9_0/include -MMD -MP -MF"src/xdevcfg_selftest_example.d" -MT"src/xdevcfg_selftest_example.d" -o "src/xdevcfg_selftest_example.o" "../src/xdevcfg_selftest_example.c"
Finished building: ../src/xdevcfg_selftest_example.c
 
Building file: ../src/xdmaps_example_w_intr.c
Invoking: ARM gcc compiler
arm-xilinx-eabi-gcc -Wall -O0 -g3 -c -fmessage-length=0 -MT"src/xdmaps_example_w_intr.o" -I../../Syma_Flight_lwip_bsp/ps7_cortexa9_0/include -MMD -MP -MF"src/xdmaps_example_w_intr.d" -MT"src/xdmaps_example_w_intr.d" -o "src/xdmaps_example_w_intr.o" "../src/xdmaps_example_w_intr.c"
Finished building: ../src/xdmaps_example_w_intr.c
 
Building file: ../src/xemacps_example_intr_dma.c
Invoking: ARM gcc compiler
arm-xilinx-eabi-gcc -Wall -O0 -g3 -c -fmessage-length=0 -MT"src/xemacps_example_intr_dma.o" -I../../Syma_Flight_lwip_bsp/ps7_cortexa9_0/include -MMD -MP -MF"src/xemacps_example_intr_dma.d" -MT"src/xemacps_example_intr_dma.d" -o "src/xemacps_example_intr_dma.o" "../src/xemacps_example_intr_dma.c"
Finished building: ../src/xemacps_example_intr_dma.c
 
Building file: ../src/xemacps_example_util.c
Invoking: ARM gcc compiler
arm-xilinx-eabi-gcc -Wall -O0 -g3 -c -fmessage-length=0 -MT"src/xemacps_example_util.o" -I../../Syma_Flight_lwip_bsp/ps7_cortexa9_0/include -MMD -MP -MF"src/xemacps_example_util.d" -MT"src/xemacps_example_util.d" -o "src/xemacps_example_util.o" "../src/xemacps_example_util.c"
Finished building: ../src/xemacps_example_util.c
 
Building file: ../src/xqspips_selftest_example.c
Invoking: ARM gcc compiler
arm-xilinx-eabi-gcc -Wall -O0 -g3 -c -fmessage-length=0 -MT"src/xqspips_selftest_example.o" -I../../Syma_Flight_lwip_bsp/ps7_cortexa9_0/include -MMD -MP -MF"src/xqspips_selftest_example.d" -MT"src/xqspips_selftest_example.d" -o "src/xqspips_selftest_example.o" "../src/xqspips_selftest_example.c"
Finished building: ../src/xqspips_selftest_example.c
 
Building file: ../src/xscugic_tapp_example.c
Invoking: ARM gcc compiler
arm-xilinx-eabi-gcc -Wall -O0 -g3 -c -fmessage-length=0 -MT"src/xscugic_tapp_example.o" -I../../Syma_Flight_lwip_bsp/ps7_cortexa9_0/include -MMD -MP -MF"src/xscugic_tapp_example.d" -MT"src/xscugic_tapp_example.d" -o "src/xscugic_tapp_example.o" "../src/xscugic_tapp_example.c"
Finished building: ../src/xscugic_tapp_example.c
 
Building file: ../src/xscutimer_intr_example.c
Invoking: ARM gcc compiler
arm-xilinx-eabi-gcc -Wall -O0 -g3 -c -fmessage-length=0 -MT"src/xscutimer_intr_example.o" -I../../Syma_Flight_lwip_bsp/ps7_cortexa9_0/include -MMD -MP -MF"src/xscutimer_intr_example.d" -MT"src/xscutimer_intr_example.d" -o "src/xscutimer_intr_example.o" "../src/xscutimer_intr_example.c"
Finished building: ../src/xscutimer_intr_example.c
 
Building file: ../src/xscutimer_polled_example.c
Invoking: ARM gcc compiler
arm-xilinx-eabi-gcc -Wall -O0 -g3 -c -fmessage-length=0 -MT"src/xscutimer_polled_example.o" -I../../Syma_Flight_lwip_bsp/ps7_cortexa9_0/include -MMD -MP -MF"src/xscutimer_polled_example.d" -MT"src/xscutimer_polled_example.d" -o "src/xscutimer_polled_example.o" "../src/xscutimer_polled_example.c"
Finished building: ../src/xscutimer_polled_example.c
 
Building file: ../src/xscuwdt_intr_example.c
Invoking: ARM gcc compiler
arm-xilinx-eabi-gcc -Wall -O0 -g3 -c -fmessage-length=0 -MT"src/xscuwdt_intr_example.o" -I../../Syma_Flight_lwip_bsp/ps7_cortexa9_0/include -MMD -MP -MF"src/xscuwdt_intr_example.d" -MT"src/xscuwdt_intr_example.d" -o "src/xscuwdt_intr_example.o" "../src/xscuwdt_intr_example.c"
Finished building: ../src/xscuwdt_intr_example.c
 
Building file: ../src/xtmrctr_intr_example.c
Invoking: ARM gcc compiler
arm-xilinx-eabi-gcc -Wall -O0 -g3 -c -fmessage-length=0 -MT"src/xtmrctr_intr_example.o" -I../../Syma_Flight_lwip_bsp/ps7_cortexa9_0/include -MMD -MP -MF"src/xtmrctr_intr_example.d" -MT"src/xtmrctr_intr_example.d" -o "src/xtmrctr_intr_example.o" "../src/xtmrctr_intr_example.c"
Finished building: ../src/xtmrctr_intr_example.c
 
Building file: ../src/xtmrctr_selftest_example.c
Invoking: ARM gcc compiler
arm-xilinx-eabi-gcc -Wall -O0 -g3 -c -fmessage-length=0 -MT"src/xtmrctr_selftest_example.o" -I../../Syma_Flight_lwip_bsp/ps7_cortexa9_0/include -MMD -MP -MF"src/xtmrctr_selftest_example.d" -MT"src/xtmrctr_selftest_example.d" -o "src/xtmrctr_selftest_example.o" "../src/xtmrctr_selftest_example.c"
Finished building: ../src/xtmrctr_selftest_example.c
 
Building target: Syma_Flight_lwip.elf
Invoking: ARM gcc linker
arm-xilinx-eabi-gcc -Wl,-T -Wl,../src/lscript.ld -L../../Syma_Flight_lwip_bsp/ps7_cortexa9_0/lib -o "Syma_Flight_lwip.elf"  ./src/main.o ./src/networking.o ./src/platform.o ./src/platform_zynq.o ./src/xdevcfg_selftest_example.o ./src/xdmaps_example_w_intr.o ./src/xemacps_example_intr_dma.o ./src/xemacps_example_util.o ./src/xqspips_selftest_example.o ./src/xscugic_tapp_example.o ./src/xscutimer_intr_example.o ./src/xscutimer_polled_example.o ./src/xscuwdt_intr_example.o ./src/xtmrctr_intr_example.o ./src/xtmrctr_selftest_example.o   -Wl,--start-group,-lxil,-lgcc,-lc,--end-group -Wl,--start-group,-lxil,-llwip4,-lgcc,-lc,--end-group
Finished building target: Syma_Flight_lwip.elf
 
Invoking: ARM Print Size
arm-xilinx-eabi-size Syma_Flight_lwip.elf  |tee "Syma_Flight_lwip.elf.size"
   text	   data	    bss	    dec	    hex	filename
 133348	   3296	 662016	 798660	  c2fc4	Syma_Flight_lwip.elf
Finished building: Syma_Flight_lwip.elf.size
 
13:11:55 **** Auto Build of configuration Debug for project Syma_Flight_lwip ****
make all 
Building file: ../src/main.c
Invoking: ARM gcc compiler
arm-xilinx-eabi-gcc -Wall -O0 -g3 -c -fmessage-length=0 -MT"src/main.o" -I../../Syma_Flight_lwip_bsp/ps7_cortexa9_0/include -MMD -MP -MF"src/main.d" -MT"src/main.d" -o "src/main.o" "../src/main.c"
Finished building: ../src/main.c
 
Building target: Syma_Flight_lwip.elf
Invoking: ARM gcc linker
arm-xilinx-eabi-gcc -Wl,-T -Wl,../src/lscript.ld -L../../Syma_Flight_lwip_bsp/ps7_cortexa9_0/lib -o "Syma_Flight_lwip.elf"  ./src/main.o ./src/networking.o ./src/platform.o ./src/platform_zynq.o ./src/xdevcfg_selftest_example.o ./src/xdmaps_example_w_intr.o ./src/xemacps_example_intr_dma.o ./src/xemacps_example_util.o ./src/xqspips_selftest_example.o ./src/xscugic_tapp_example.o ./src/xscutimer_intr_example.o ./src/xscutimer_polled_example.o ./src/xscuwdt_intr_example.o ./src/xtmrctr_intr_example.o ./src/xtmrctr_selftest_example.o   -Wl,--start-group,-lxil,-lgcc,-lc,--end-group -Wl,--start-group,-lxil,-llwip4,-lgcc,-lc,--end-group
Finished building target: Syma_Flight_lwip.elf
 
Invoking: ARM Print Size
arm-xilinx-eabi-size Syma_Flight_lwip.elf  |tee "Syma_Flight_lwip.elf.size"
   text	   data	    bss	    dec	    hex	filename
 133348	   3296	 662016	 798660	  c2fc4	Syma_Flight_lwip.elf
Finished building: Syma_Flight_lwip.elf.size
 
13:12:11 **** Auto Build of configuration Debug for project Syma_Flight_lwip ****
make all 
Building file: ../src/main.c
Invoking: ARM gcc compiler
arm-xilinx-eabi-gcc -Wall -O0 -g3 -c -fmessage-length=0 -MT"src/main.o" -I../../Syma_Flight_lwip_bsp/ps7_cortexa9_0/include -MMD -MP -MF"src/main.d" -MT"src/main.d" -o "src/main.o" "../src/main.c"
Finished building: ../src/main.c
 
Building target: Syma_Flight_lwip.elf
Invoking: ARM gcc linker
arm-xilinx-eabi-gcc -Wl,-T -Wl,../src/lscript.ld -L../../Syma_Flight_lwip_bsp/ps7_cortexa9_0/lib -o "Syma_Flight_lwip.elf"  ./src/main.o ./src/networking.o ./src/platform.o ./src/platform_zynq.o ./src/xdevcfg_selftest_example.o ./src/xdmaps_example_w_intr.o ./src/xemacps_example_intr_dma.o ./src/xemacps_example_util.o ./src/xqspips_selftest_example.o ./src/xscugic_tapp_example.o ./src/xscutimer_intr_example.o ./src/xscutimer_polled_example.o ./src/xscuwdt_intr_example.o ./src/xtmrctr_intr_example.o ./src/xtmrctr_selftest_example.o   -Wl,--start-group,-lxil,-lgcc,-lc,--end-group -Wl,--start-group,-lxil,-llwip4,-lgcc,-lc,--end-group
Finished building target: Syma_Flight_lwip.elf
 
Invoking: ARM Print Size
arm-xilinx-eabi-size Syma_Flight_lwip.elf  |tee "Syma_Flight_lwip.elf.size"
   text	   data	    bss	    dec	    hex	filename
 133348	   3296	 662016	 798660	  c2fc4	Syma_Flight_lwip.elf
Finished building: Syma_Flight_lwip.elf.size
 
13:12:23 **** Auto Build of configuration Debug for project Syma_Flight_lwip ****
make all 
Building file: ../src/main.c
Invoking: ARM gcc compiler
arm-xilinx-eabi-gcc -Wall -O0 -g3 -c -fmessage-length=0 -MT"src/main.o" -I../../Syma_Flight_lwip_bsp/ps7_cortexa9_0/include -MMD -MP -MF"src/main.d" -MT"src/main.d" -o "src/main.o" "../src/main.c"
Finished building: ../src/main.c
 
Building target: Syma_Flight_lwip.elf
Invoking: ARM gcc linker
arm-xilinx-eabi-gcc -Wl,-T -Wl,../src/lscript.ld -L../../Syma_Flight_lwip_bsp/ps7_cortexa9_0/lib -o "Syma_Flight_lwip.elf"  ./src/main.o ./src/networking.o ./src/platform.o ./src/platform_zynq.o ./src/xdevcfg_selftest_example.o ./src/xdmaps_example_w_intr.o ./src/xemacps_example_intr_dma.o ./src/xemacps_example_util.o ./src/xqspips_selftest_example.o ./src/xscugic_tapp_example.o ./src/xscutimer_intr_example.o ./src/xscutimer_polled_example.o ./src/xscuwdt_intr_example.o ./src/xtmrctr_intr_example.o ./src/xtmrctr_selftest_example.o   -Wl,--start-group,-lxil,-lgcc,-lc,--end-group -Wl,--start-group,-lxil,-llwip4,-lgcc,-lc,--end-group
Finished building target: Syma_Flight_lwip.elf
 
Invoking: ARM Print Size
arm-xilinx-eabi-size Syma_Flight_lwip.elf  |tee "Syma_Flight_lwip.elf.size"
   text	   data	    bss	    dec	    hex	filename
 133348	   3296	 662016	 798660	  c2fc4	Syma_Flight_lwip.elf
Finished building: Syma_Flight_lwip.elf.size
 
13:12:49 **** Auto Build of configuration Debug for project Syma_Flight_lwip ****
make all 
Building file: ../src/main.c
Invoking: ARM gcc compiler
arm-xilinx-eabi-gcc -Wall -O0 -g3 -c -fmessage-length=0 -MT"src/main.o" -I../../Syma_Flight_lwip_bsp/ps7_cortexa9_0/include -MMD -MP -MF"src/main.d" -MT"src/main.d" -o "src/main.o" "../src/main.c"
Finished building: ../src/main.c
 
Building target: Syma_Flight_lwip.elf
Invoking: ARM gcc linker
arm-xilinx-eabi-gcc -Wl,-T -Wl,../src/lscript.ld -L../../Syma_Flight_lwip_bsp/ps7_cortexa9_0/lib -o "Syma_Flight_lwip.elf"  ./src/main.o ./src/networking.o ./src/platform.o ./src/platform_zynq.o ./src/xdevcfg_selftest_example.o ./src/xdmaps_example_w_intr.o ./src/xemacps_example_intr_dma.o ./src/xemacps_example_util.o ./src/xqspips_selftest_example.o ./src/xscugic_tapp_example.o ./src/xscutimer_intr_example.o ./src/xscutimer_polled_example.o ./src/xscuwdt_intr_example.o ./src/xtmrctr_intr_example.o ./src/xtmrctr_selftest_example.o   -Wl,--start-group,-lxil,-lgcc,-lc,--end-group -Wl,--start-group,-lxil,-llwip4,-lgcc,-lc,--end-group
Finished building target: Syma_Flight_lwip.elf
 
Invoking: ARM Print Size
arm-xilinx-eabi-size Syma_Flight_lwip.elf  |tee "Syma_Flight_lwip.elf.size"
   text	   data	    bss	    dec	    hex	filename
 132468	   3296	 662016	 797780	  c2c54	Syma_Flight_lwip.elf
Finished building: Syma_Flight_lwip.elf.size
 
13:12:59 **** Auto Build of configuration Debug for project Syma_Flight_lwip ****
make all 
Building file: ../src/main.c
Invoking: ARM gcc compiler
arm-xilinx-eabi-gcc -Wall -O0 -g3 -c -fmessage-length=0 -MT"src/main.o" -I../../Syma_Flight_lwip_bsp/ps7_cortexa9_0/include -MMD -MP -MF"src/main.d" -MT"src/main.d" -o "src/main.o" "../src/main.c"
Finished building: ../src/main.c
 
Building target: Syma_Flight_lwip.elf
Invoking: ARM gcc linker
arm-xilinx-eabi-gcc -Wl,-T -Wl,../src/lscript.ld -L../../Syma_Flight_lwip_bsp/ps7_cortexa9_0/lib -o "Syma_Flight_lwip.elf"  ./src/main.o ./src/networking.o ./src/platform.o ./src/platform_zynq.o ./src/xdevcfg_selftest_example.o ./src/xdmaps_example_w_intr.o ./src/xemacps_example_intr_dma.o ./src/xemacps_example_util.o ./src/xqspips_selftest_example.o ./src/xscugic_tapp_example.o ./src/xscutimer_intr_example.o ./src/xscutimer_polled_example.o ./src/xscuwdt_intr_example.o ./src/xtmrctr_intr_example.o ./src/xtmrctr_selftest_example.o   -Wl,--start-group,-lxil,-lgcc,-lc,--end-group -Wl,--start-group,-lxil,-llwip4,-lgcc,-lc,--end-group
Finished building target: Syma_Flight_lwip.elf
 
Invoking: ARM Print Size
arm-xilinx-eabi-size Syma_Flight_lwip.elf  |tee "Syma_Flight_lwip.elf.size"
   text	   data	    bss	    dec	    hex	filename
 132468	   3296	 662016	 797780	  c2c54	Syma_Flight_lwip.elf
Finished building: Syma_Flight_lwip.elf.size
 
13:13:12 **** Auto Build of configuration Debug for project Syma_Flight_lwip ****
make all 
Building file: ../src/main.c
Invoking: ARM gcc compiler
arm-xilinx-eabi-gcc -Wall -O0 -g3 -c -fmessage-length=0 -MT"src/main.o" -I../../Syma_Flight_lwip_bsp/ps7_cortexa9_0/include -MMD -MP -MF"src/main.d" -MT"src/main.d" -o "src/main.o" "../src/main.c"
Finished building: ../src/main.c
 
Building target: Syma_Flight_lwip.elf
Invoking: ARM gcc linker
arm-xilinx-eabi-gcc -Wl,-T -Wl,../src/lscript.ld -L../../Syma_Flight_lwip_bsp/ps7_cortexa9_0/lib -o "Syma_Flight_lwip.elf"  ./src/main.o ./src/networking.o ./src/platform.o ./src/platform_zynq.o ./src/xdevcfg_selftest_example.o ./src/xdmaps_example_w_intr.o ./src/xemacps_example_intr_dma.o ./src/xemacps_example_util.o ./src/xqspips_selftest_example.o ./src/xscugic_tapp_example.o ./src/xscutimer_intr_example.o ./src/xscutimer_polled_example.o ./src/xscuwdt_intr_example.o ./src/xtmrctr_intr_example.o ./src/xtmrctr_selftest_example.o   -Wl,--start-group,-lxil,-lgcc,-lc,--end-group -Wl,--start-group,-lxil,-llwip4,-lgcc,-lc,--end-group
Finished building target: Syma_Flight_lwip.elf
 
Invoking: ARM Print Size
arm-xilinx-eabi-size Syma_Flight_lwip.elf  |tee "Syma_Flight_lwip.elf.size"
   text	   data	    bss	    dec	    hex	filename
 132468	   3296	 662016	 797780	  c2c54	Syma_Flight_lwip.elf
Finished building: Syma_Flight_lwip.elf.size
 
13:13:41 **** Auto Build of configuration Debug for project Syma_Flight_lwip ****
make all 
Building file: ../src/main.c
Invoking: ARM gcc compiler
arm-xilinx-eabi-gcc -Wall -O0 -g3 -c -fmessage-length=0 -MT"src/main.o" -I../../Syma_Flight_lwip_bsp/ps7_cortexa9_0/include -MMD -MP -MF"src/main.d" -MT"src/main.d" -o "src/main.o" "../src/main.c"
Finished building: ../src/main.c
 
Building target: Syma_Flight_lwip.elf
Invoking: ARM gcc linker
arm-xilinx-eabi-gcc -Wl,-T -Wl,../src/lscript.ld -L../../Syma_Flight_lwip_bsp/ps7_cortexa9_0/lib -o "Syma_Flight_lwip.elf"  ./src/main.o ./src/networking.o ./src/platform.o ./src/platform_zynq.o ./src/xdevcfg_selftest_example.o ./src/xdmaps_example_w_intr.o ./src/xemacps_example_intr_dma.o ./src/xemacps_example_util.o ./src/xqspips_selftest_example.o ./src/xscugic_tapp_example.o ./src/xscutimer_intr_example.o ./src/xscutimer_polled_example.o ./src/xscuwdt_intr_example.o ./src/xtmrctr_intr_example.o ./src/xtmrctr_selftest_example.o   -Wl,--start-group,-lxil,-lgcc,-lc,--end-group -Wl,--start-group,-lxil,-llwip4,-lgcc,-lc,--end-group
Finished building target: Syma_Flight_lwip.elf
 
Invoking: ARM Print Size
arm-xilinx-eabi-size Syma_Flight_lwip.elf  |tee "Syma_Flight_lwip.elf.size"
   text	   data	    bss	    dec	    hex	filename
 132468	   3296	 662016	 797780	  c2c54	Syma_Flight_lwip.elf
Finished building: Syma_Flight_lwip.elf.size
 
13:13:49 **** Auto Build of configuration Debug for project Syma_Flight_lwip ****
make all 
Building file: ../src/main.c
Invoking: ARM gcc compiler
arm-xilinx-eabi-gcc -Wall -O0 -g3 -c -fmessage-length=0 -MT"src/main.o" -I../../Syma_Flight_lwip_bsp/ps7_cortexa9_0/include -MMD -MP -MF"src/main.d" -MT"src/main.d" -o "src/main.o" "../src/main.c"
Finished building: ../src/main.c
 
Building target: Syma_Flight_lwip.elf
Invoking: ARM gcc linker
arm-xilinx-eabi-gcc -Wl,-T -Wl,../src/lscript.ld -L../../Syma_Flight_lwip_bsp/ps7_cortexa9_0/lib -o "Syma_Flight_lwip.elf"  ./src/main.o ./src/networking.o ./src/platform.o ./src/platform_zynq.o ./src/xdevcfg_selftest_example.o ./src/xdmaps_example_w_intr.o ./src/xemacps_example_intr_dma.o ./src/xemacps_example_util.o ./src/xqspips_selftest_example.o ./src/xscugic_tapp_example.o ./src/xscutimer_intr_example.o ./src/xscutimer_polled_example.o ./src/xscuwdt_intr_example.o ./src/xtmrctr_intr_example.o ./src/xtmrctr_selftest_example.o   -Wl,--start-group,-lxil,-lgcc,-lc,--end-group -Wl,--start-group,-lxil,-llwip4,-lgcc,-lc,--end-group
Finished building target: Syma_Flight_lwip.elf
 
Invoking: ARM Print Size
arm-xilinx-eabi-size Syma_Flight_lwip.elf  |tee "Syma_Flight_lwip.elf.size"
   text	   data	    bss	    dec	    hex	filename
 132468	   3296	 662016	 797780	  c2c54	Syma_Flight_lwip.elf
Finished building: Syma_Flight_lwip.elf.size
 
13:13:50 **** Auto Build of configuration Debug for project Syma_Flight_lwip ****
make all 
make: Nothing to be done for `all'.
13:14:25 **** Auto Build of configuration Debug for project Syma_Flight_lwip ****
make all 
Building file: ../src/main.c
Invoking: ARM gcc compiler
arm-xilinx-eabi-gcc -Wall -O0 -g3 -c -fmessage-length=0 -MT"src/main.o" -I../../Syma_Flight_lwip_bsp/ps7_cortexa9_0/include -MMD -MP -MF"src/main.d" -MT"src/main.d" -o "src/main.o" "../src/main.c"
Finished building: ../src/main.c
 
Building target: Syma_Flight_lwip.elf
Invoking: ARM gcc linker
arm-xilinx-eabi-gcc -Wl,-T -Wl,../src/lscript.ld -L../../Syma_Flight_lwip_bsp/ps7_cortexa9_0/lib -o "Syma_Flight_lwip.elf"  ./src/main.o ./src/networking.o ./src/platform.o ./src/platform_zynq.o ./src/xdevcfg_selftest_example.o ./src/xdmaps_example_w_intr.o ./src/xemacps_example_intr_dma.o ./src/xemacps_example_util.o ./src/xqspips_selftest_example.o ./src/xscugic_tapp_example.o ./src/xscutimer_intr_example.o ./src/xscutimer_polled_example.o ./src/xscuwdt_intr_example.o ./src/xtmrctr_intr_example.o ./src/xtmrctr_selftest_example.o   -Wl,--start-group,-lxil,-lgcc,-lc,--end-group -Wl,--start-group,-lxil,-llwip4,-lgcc,-lc,--end-group
Finished building target: Syma_Flight_lwip.elf
 
Invoking: ARM Print Size
arm-xilinx-eabi-size Syma_Flight_lwip.elf  |tee "Syma_Flight_lwip.elf.size"
   text	   data	    bss	    dec	    hex	filename
 132468	   3296	 662016	 797780	  c2c54	Syma_Flight_lwip.elf
Finished building: Syma_Flight_lwip.elf.size
 
13:14:29 **** Auto Build of configuration Debug for project Syma_Flight_lwip ****
make all 
Building file: ../src/main.c
Invoking: ARM gcc compiler
arm-xilinx-eabi-gcc -Wall -O0 -g3 -c -fmessage-length=0 -MT"src/main.o" -I../../Syma_Flight_lwip_bsp/ps7_cortexa9_0/include -MMD -MP -MF"src/main.d" -MT"src/main.d" -o "src/main.o" "../src/main.c"
Finished building: ../src/main.c
 
Building target: Syma_Flight_lwip.elf
Invoking: ARM gcc linker
arm-xilinx-eabi-gcc -Wl,-T -Wl,../src/lscript.ld -L../../Syma_Flight_lwip_bsp/ps7_cortexa9_0/lib -o "Syma_Flight_lwip.elf"  ./src/main.o ./src/networking.o ./src/platform.o ./src/platform_zynq.o ./src/xdevcfg_selftest_example.o ./src/xdmaps_example_w_intr.o ./src/xemacps_example_intr_dma.o ./src/xemacps_example_util.o ./src/xqspips_selftest_example.o ./src/xscugic_tapp_example.o ./src/xscutimer_intr_example.o ./src/xscutimer_polled_example.o ./src/xscuwdt_intr_example.o ./src/xtmrctr_intr_example.o ./src/xtmrctr_selftest_example.o   -Wl,--start-group,-lxil,-lgcc,-lc,--end-group -Wl,--start-group,-lxil,-llwip4,-lgcc,-lc,--end-group
Finished building target: Syma_Flight_lwip.elf
 
Invoking: ARM Print Size
arm-xilinx-eabi-size Syma_Flight_lwip.elf  |tee "Syma_Flight_lwip.elf.size"
   text	   data	    bss	    dec	    hex	filename
 132468	   3296	 662016	 797780	  c2c54	Syma_Flight_lwip.elf
Finished building: Syma_Flight_lwip.elf.size
 
13:14:37 **** Auto Build of configuration Debug for project Syma_Flight_lwip ****
make all 
Building file: ../src/main.c
Invoking: ARM gcc compiler
arm-xilinx-eabi-gcc -Wall -O0 -g3 -c -fmessage-length=0 -MT"src/main.o" -I../../Syma_Flight_lwip_bsp/ps7_cortexa9_0/include -MMD -MP -MF"src/main.d" -MT"src/main.d" -o "src/main.o" "../src/main.c"
Finished building: ../src/main.c
 
Building target: Syma_Flight_lwip.elf
Invoking: ARM gcc linker
arm-xilinx-eabi-gcc -Wl,-T -Wl,../src/lscript.ld -L../../Syma_Flight_lwip_bsp/ps7_cortexa9_0/lib -o "Syma_Flight_lwip.elf"  ./src/main.o ./src/networking.o ./src/platform.o ./src/platform_zynq.o ./src/xdevcfg_selftest_example.o ./src/xdmaps_example_w_intr.o ./src/xemacps_example_intr_dma.o ./src/xemacps_example_util.o ./src/xqspips_selftest_example.o ./src/xscugic_tapp_example.o ./src/xscutimer_intr_example.o ./src/xscutimer_polled_example.o ./src/xscuwdt_intr_example.o ./src/xtmrctr_intr_example.o ./src/xtmrctr_selftest_example.o   -Wl,--start-group,-lxil,-lgcc,-lc,--end-group -Wl,--start-group,-lxil,-llwip4,-lgcc,-lc,--end-group
Finished building target: Syma_Flight_lwip.elf
 
Invoking: ARM Print Size
arm-xilinx-eabi-size Syma_Flight_lwip.elf  |tee "Syma_Flight_lwip.elf.size"
   text	   data	    bss	    dec	    hex	filename
 132468	   3296	 662016	 797780	  c2c54	Syma_Flight_lwip.elf
Finished building: Syma_Flight_lwip.elf.size
 
13:15:09 **** Auto Build of configuration Debug for project Syma_Flight_lwip ****
make all 
Building file: ../src/networking.c
Invoking: ARM gcc compiler
arm-xilinx-eabi-gcc -Wall -O0 -g3 -c -fmessage-length=0 -MT"src/networking.o" -I../../Syma_Flight_lwip_bsp/ps7_cortexa9_0/include -MMD -MP -MF"src/networking.d" -MT"src/networking.d" -o "src/networking.o" "../src/networking.c"
Finished building: ../src/networking.c
 
Building target: Syma_Flight_lwip.elf
Invoking: ARM gcc linker
arm-xilinx-eabi-gcc -Wl,-T -Wl,../src/lscript.ld -L../../Syma_Flight_lwip_bsp/ps7_cortexa9_0/lib -o "Syma_Flight_lwip.elf"  ./src/main.o ./src/networking.o ./src/platform.o ./src/platform_zynq.o ./src/xdevcfg_selftest_example.o ./src/xdmaps_example_w_intr.o ./src/xemacps_example_intr_dma.o ./src/xemacps_example_util.o ./src/xqspips_selftest_example.o ./src/xscugic_tapp_example.o ./src/xscutimer_intr_example.o ./src/xscutimer_polled_example.o ./src/xscuwdt_intr_example.o ./src/xtmrctr_intr_example.o ./src/xtmrctr_selftest_example.o   -Wl,--start-group,-lxil,-lgcc,-lc,--end-group -Wl,--start-group,-lxil,-llwip4,-lgcc,-lc,--end-group
Finished building target: Syma_Flight_lwip.elf
 
Invoking: ARM Print Size
arm-xilinx-eabi-size Syma_Flight_lwip.elf  |tee "Syma_Flight_lwip.elf.size"
   text	   data	    bss	    dec	    hex	filename
 131788	   3296	 662016	 797100	  c29ac	Syma_Flight_lwip.elf
Finished building: Syma_Flight_lwip.elf.size
 
13:15:22 **** Auto Build of configuration Debug for project Syma_Flight_lwip ****
make all 
Building file: ../src/networking.c
Invoking: ARM gcc compiler
arm-xilinx-eabi-gcc -Wall -O0 -g3 -c -fmessage-length=0 -MT"src/networking.o" -I../../Syma_Flight_lwip_bsp/ps7_cortexa9_0/include -MMD -MP -MF"src/networking.d" -MT"src/networking.d" -o "src/networking.o" "../src/networking.c"
../src/networking.c: In function 'setup_network':
../src/networking.c:65:2: error: 'echo_netif' undeclared (first use in this function)
  echo_netif = &server_netif;
  ^
../src/networking.c:65:2: note: each undeclared identifier is reported only once for each function it appears in
../src/networking.c:65:16: error: 'server_netif' undeclared (first use in this function)
  echo_netif = &server_netif;
                ^
../src/networking.c:73:2: warning: implicit declaration of function 'lwip_init' [-Wimplicit-function-declaration]
  lwip_init();
  ^
../src/networking.c:78:7: error: 'PLATFORM_EMAC_BASEADDR' undeclared (first use in this function)
       PLATFORM_EMAC_BASEADDR)) {
       ^
../src/networking.c:85:2: warning: implicit declaration of function 'platform_enable_interrupts' [-Wimplicit-function-declaration]
  platform_enable_interrupts();
  ^
../src/networking.c:89:2: warning: implicit declaration of function 'print_ip_settings' [-Wimplicit-function-declaration]
  print_ip_settings(&ipaddr, &netmask, &gw);
  ^
make: *** [src/networking.o] Error 1
13:15:36 **** Auto Build of configuration Debug for project Syma_Flight_lwip ****
make all 
Building file: ../src/main.c
Invoking: ARM gcc compiler
arm-xilinx-eabi-gcc -Wall -O0 -g3 -c -fmessage-length=0 -MT"src/main.o" -I../../Syma_Flight_lwip_bsp/ps7_cortexa9_0/include -MMD -MP -MF"src/main.d" -MT"src/main.d" -o "src/main.o" "../src/main.c"
../src/main.c: In function 'start_application':
../src/main.c:70:2: warning: implicit declaration of function 'udp_new' [-Wimplicit-function-declaration]
  ptel_pcb = udp_new();
  ^
../src/main.c:70:11: warning: assignment makes pointer from integer without a cast [enabled by default]
  ptel_pcb = udp_new();
           ^
../src/main.c:75:2: warning: implicit declaration of function 'udp_bind' [-Wimplicit-function-declaration]
  err = udp_bind(ptel_pcb, IP_ADDR_ANY, UDP_LISTEN_PORT);
  ^
../src/main.c:81:2: warning: implicit declaration of function 'udp_recv' [-Wimplicit-function-declaration]
  udp_recv(ptel_pcb, callback_udp_recv, NULL); // set rx callback
  ^
../src/main.c:81:21: error: 'callback_udp_recv' undeclared (first use in this function)
  udp_recv(ptel_pcb, callback_udp_recv, NULL); // set rx callback
                     ^
../src/main.c:81:21: note: each undeclared identifier is reported only once for each function it appears in
../src/main.c:90:3: warning: implicit declaration of function 'udp_sendto' [-Wimplicit-function-declaration]
   err = udp_sendto(ptel_pcb, p, &destAddr, UDP_REMOTE_PORT); // actual send
   ^
../src/main.c:96:3: warning: implicit declaration of function 'usleep' [-Wimplicit-function-declaration]
   usleep(100000);
   ^
../src/main.c:98:2: warning: implicit declaration of function 'udp_disconnect' [-Wimplicit-function-declaration]
  udp_disconnect(ptel_pcb);
  ^
../src/main.c: In function 'main':
../src/main.c:135:2: warning: implicit declaration of function 'setup_network' [-Wimplicit-function-declaration]
  if (setup_network()) {
  ^
make: *** [src/main.o] Error 1
13:15:39 **** Auto Build of configuration Debug for project Syma_Flight_lwip ****
make all 
Building file: ../src/main.c
Invoking: ARM gcc compiler
arm-xilinx-eabi-gcc -Wall -O0 -g3 -c -fmessage-length=0 -MT"src/main.o" -I../../Syma_Flight_lwip_bsp/ps7_cortexa9_0/include -MMD -MP -MF"src/main.d" -MT"src/main.d" -o "src/main.o" "../src/main.c"
../src/main.c: In function 'start_application':
../src/main.c:70:2: warning: implicit declaration of function 'udp_new' [-Wimplicit-function-declaration]
  ptel_pcb = udp_new();
  ^
../src/main.c:70:11: warning: assignment makes pointer from integer without a cast [enabled by default]
  ptel_pcb = udp_new();
           ^
../src/main.c:75:2: warning: implicit declaration of function 'udp_bind' [-Wimplicit-function-declaration]
  err = udp_bind(ptel_pcb, IP_ADDR_ANY, UDP_LISTEN_PORT);
  ^
../src/main.c:81:2: warning: implicit declaration of function 'udp_recv' [-Wimplicit-function-declaration]
  udp_recv(ptel_pcb, callback_udp_recv, NULL); // set rx callback
  ^
../src/main.c:81:21: error: 'callback_udp_recv' undeclared (first use in this function)
  udp_recv(ptel_pcb, callback_udp_recv, NULL); // set rx callback
                     ^
../src/main.c:81:21: note: each undeclared identifier is reported only once for each function it appears in
../src/main.c:90:3: warning: implicit declaration of function 'udp_sendto' [-Wimplicit-function-declaration]
   err = udp_sendto(ptel_pcb, p, &destAddr, UDP_REMOTE_PORT); // actual send
   ^
../src/main.c:96:3: warning: implicit declaration of function 'usleep' [-Wimplicit-function-declaration]
   usleep(100000);
   ^
../src/main.c:98:2: warning: implicit declaration of function 'udp_disconnect' [-Wimplicit-function-declaration]
  udp_disconnect(ptel_pcb);
  ^
../src/main.c: In function 'main':
../src/main.c:135:2: warning: implicit declaration of function 'setup_network' [-Wimplicit-function-declaration]
  if (setup_network()) {
  ^
make: *** [src/main.o] Error 1
13:15:41 **** Auto Build of configuration Debug for project Syma_Flight_lwip ****
make all 
Building file: ../src/main.c
Invoking: ARM gcc compiler
arm-xilinx-eabi-gcc -Wall -O0 -g3 -c -fmessage-length=0 -MT"src/main.o" -I../../Syma_Flight_lwip_bsp/ps7_cortexa9_0/include -MMD -MP -MF"src/main.d" -MT"src/main.d" -o "src/main.o" "../src/main.c"
../src/main.c: In function 'start_application':
../src/main.c:70:2: warning: implicit declaration of function 'udp_new' [-Wimplicit-function-declaration]
  ptel_pcb = udp_new();
  ^
../src/main.c:70:11: warning: assignment makes pointer from integer without a cast [enabled by default]
  ptel_pcb = udp_new();
           ^
../src/main.c:75:2: warning: implicit declaration of function 'udp_bind' [-Wimplicit-function-declaration]
  err = udp_bind(ptel_pcb, IP_ADDR_ANY, UDP_LISTEN_PORT);
  ^
../src/main.c:81:2: warning: implicit declaration of function 'udp_recv' [-Wimplicit-function-declaration]
  udp_recv(ptel_pcb, callback_udp_recv, NULL); // set rx callback
  ^
../src/main.c:81:21: error: 'callback_udp_recv' undeclared (first use in this function)
  udp_recv(ptel_pcb, callback_udp_recv, NULL); // set rx callback
                     ^
../src/main.c:81:21: note: each undeclared identifier is reported only once for each function it appears in
../src/main.c:90:3: warning: implicit declaration of function 'udp_sendto' [-Wimplicit-function-declaration]
   err = udp_sendto(ptel_pcb, p, &destAddr, UDP_REMOTE_PORT); // actual send
   ^
../src/main.c:96:3: warning: implicit declaration of function 'usleep' [-Wimplicit-function-declaration]
   usleep(100000);
   ^
../src/main.c:98:2: warning: implicit declaration of function 'udp_disconnect' [-Wimplicit-function-declaration]
  udp_disconnect(ptel_pcb);
  ^
../src/main.c: In function 'main':
../src/main.c:135:2: warning: implicit declaration of function 'setup_network' [-Wimplicit-function-declaration]
  if (setup_network()) {
  ^
make: *** [src/main.o] Error 1
13:15:52 **** Auto Build of configuration Debug for project Syma_Flight_lwip ****
make all 
Building file: ../src/main.c
Invoking: ARM gcc compiler
arm-xilinx-eabi-gcc -Wall -O0 -g3 -c -fmessage-length=0 -MT"src/main.o" -I../../Syma_Flight_lwip_bsp/ps7_cortexa9_0/include -MMD -MP -MF"src/main.d" -MT"src/main.d" -o "src/main.o" "../src/main.c"
../src/main.c:24:24: fatal error: networking.h: No such file or directory
 #include "networking.h"
                        ^
compilation terminated.
make: *** [src/main.o] Error 1
13:16:05 **** Auto Build of configuration Debug for project Syma_Flight_lwip ****
make all 
Building file: ../src/main.c
Invoking: ARM gcc compiler
arm-xilinx-eabi-gcc -Wall -O0 -g3 -c -fmessage-length=0 -MT"src/main.o" -I../../Syma_Flight_lwip_bsp/ps7_cortexa9_0/include -MMD -MP -MF"src/main.d" -MT"src/main.d" -o "src/main.o" "../src/main.c"
../src/main.c: In function 'start_application':
../src/main.c:71:2: warning: implicit declaration of function 'udp_new' [-Wimplicit-function-declaration]
  ptel_pcb = udp_new();
  ^
../src/main.c:71:11: warning: assignment makes pointer from integer without a cast [enabled by default]
  ptel_pcb = udp_new();
           ^
../src/main.c:76:2: warning: implicit declaration of function 'udp_bind' [-Wimplicit-function-declaration]
  err = udp_bind(ptel_pcb, IP_ADDR_ANY, UDP_LISTEN_PORT);
  ^
../src/main.c:82:2: warning: implicit declaration of function 'udp_recv' [-Wimplicit-function-declaration]
  udp_recv(ptel_pcb, callback_udp_recv, NULL); // set rx callback
  ^
../src/main.c:82:21: error: 'callback_udp_recv' undeclared (first use in this function)
  udp_recv(ptel_pcb, callback_udp_recv, NULL); // set rx callback
                     ^
../src/main.c:82:21: note: each undeclared identifier is reported only once for each function it appears in
../src/main.c:91:3: warning: implicit declaration of function 'udp_sendto' [-Wimplicit-function-declaration]
   err = udp_sendto(ptel_pcb, p, &destAddr, UDP_REMOTE_PORT); // actual send
   ^
../src/main.c:97:3: warning: implicit declaration of function 'usleep' [-Wimplicit-function-declaration]
   usleep(100000);
   ^
../src/main.c:99:2: warning: implicit declaration of function 'udp_disconnect' [-Wimplicit-function-declaration]
  udp_disconnect(ptel_pcb);
  ^
../src/main.c: In function 'main':
../src/main.c:136:2: warning: implicit declaration of function 'setup_network' [-Wimplicit-function-declaration]
  if (setup_network()) {
  ^
make: *** [src/main.o] Error 1
13:16:15 **** Auto Build of configuration Debug for project Syma_Flight_lwip ****
make all 
Building file: ../src/main.c
Invoking: ARM gcc compiler
arm-xilinx-eabi-gcc -Wall -O0 -g3 -c -fmessage-length=0 -MT"src/main.o" -I../../Syma_Flight_lwip_bsp/ps7_cortexa9_0/include -MMD -MP -MF"src/main.d" -MT"src/main.d" -o "src/main.o" "../src/main.c"
../src/main.c: In function 'start_application':
../src/main.c:71:2: warning: implicit declaration of function 'udp_new' [-Wimplicit-function-declaration]
  ptel_pcb = udp_new();
  ^
../src/main.c:71:11: warning: assignment makes pointer from integer without a cast [enabled by default]
  ptel_pcb = udp_new();
           ^
../src/main.c:76:2: warning: implicit declaration of function 'udp_bind' [-Wimplicit-function-declaration]
  err = udp_bind(ptel_pcb, IP_ADDR_ANY, UDP_LISTEN_PORT);
  ^
../src/main.c:82:2: warning: implicit declaration of function 'udp_recv' [-Wimplicit-function-declaration]
  udp_recv(ptel_pcb, callback_udp_recv, NULL); // set rx callback
  ^
../src/main.c:82:21: error: 'callback_udp_recv' undeclared (first use in this function)
  udp_recv(ptel_pcb, callback_udp_recv, NULL); // set rx callback
                     ^
../src/main.c:82:21: note: each undeclared identifier is reported only once for each function it appears in
../src/main.c:91:3: warning: implicit declaration of function 'udp_sendto' [-Wimplicit-function-declaration]
   err = udp_sendto(ptel_pcb, p, &destAddr, UDP_REMOTE_PORT); // actual send
   ^
../src/main.c:97:3: warning: implicit declaration of function 'usleep' [-Wimplicit-function-declaration]
   usleep(100000);
   ^
../src/main.c:99:2: warning: implicit declaration of function 'udp_disconnect' [-Wimplicit-function-declaration]
  udp_disconnect(ptel_pcb);
  ^
make: *** [src/main.o] Error 1
13:16:18 **** Auto Build of configuration Debug for project Syma_Flight_lwip ****
make all 
Building file: ../src/main.c
Invoking: ARM gcc compiler
arm-xilinx-eabi-gcc -Wall -O0 -g3 -c -fmessage-length=0 -MT"src/main.o" -I../../Syma_Flight_lwip_bsp/ps7_cortexa9_0/include -MMD -MP -MF"src/main.d" -MT"src/main.d" -o "src/main.o" "../src/main.c"
../src/main.c: In function 'start_application':
../src/main.c:71:2: warning: implicit declaration of function 'udp_new' [-Wimplicit-function-declaration]
  ptel_pcb = udp_new();
  ^
../src/main.c:71:11: warning: assignment makes pointer from integer without a cast [enabled by default]
  ptel_pcb = udp_new();
           ^
../src/main.c:76:2: warning: implicit declaration of function 'udp_bind' [-Wimplicit-function-declaration]
  err = udp_bind(ptel_pcb, IP_ADDR_ANY, UDP_LISTEN_PORT);
  ^
../src/main.c:82:2: warning: implicit declaration of function 'udp_recv' [-Wimplicit-function-declaration]
  udp_recv(ptel_pcb, callback_udp_recv, NULL); // set rx callback
  ^
../src/main.c:82:21: error: 'callback_udp_recv' undeclared (first use in this function)
  udp_recv(ptel_pcb, callback_udp_recv, NULL); // set rx callback
                     ^
../src/main.c:82:21: note: each undeclared identifier is reported only once for each function it appears in
../src/main.c:91:3: warning: implicit declaration of function 'udp_sendto' [-Wimplicit-function-declaration]
   err = udp_sendto(ptel_pcb, p, &destAddr, UDP_REMOTE_PORT); // actual send
   ^
../src/main.c:97:3: warning: implicit declaration of function 'usleep' [-Wimplicit-function-declaration]
   usleep(100000);
   ^
../src/main.c:99:2: warning: implicit declaration of function 'udp_disconnect' [-Wimplicit-function-declaration]
  udp_disconnect(ptel_pcb);
  ^
make: *** [src/main.o] Error 1
13:16:22 **** Auto Build of configuration Debug for project Syma_Flight_lwip ****
make all 
Building file: ../src/main.c
Invoking: ARM gcc compiler
arm-xilinx-eabi-gcc -Wall -O0 -g3 -c -fmessage-length=0 -MT"src/main.o" -I../../Syma_Flight_lwip_bsp/ps7_cortexa9_0/include -MMD -MP -MF"src/main.d" -MT"src/main.d" -o "src/main.o" "../src/main.c"
../src/main.c: In function 'start_application':
../src/main.c:71:2: warning: implicit declaration of function 'udp_new' [-Wimplicit-function-declaration]
  ptel_pcb = udp_new();
  ^
../src/main.c:71:11: warning: assignment makes pointer from integer without a cast [enabled by default]
  ptel_pcb = udp_new();
           ^
../src/main.c:76:2: warning: implicit declaration of function 'udp_bind' [-Wimplicit-function-declaration]
  err = udp_bind(ptel_pcb, IP_ADDR_ANY, UDP_LISTEN_PORT);
  ^
../src/main.c:82:2: warning: implicit declaration of function 'udp_recv' [-Wimplicit-function-declaration]
  udp_recv(ptel_pcb, callback_udp_recv, NULL); // set rx callback
  ^
../src/main.c:82:21: error: 'callback_udp_recv' undeclared (first use in this function)
  udp_recv(ptel_pcb, callback_udp_recv, NULL); // set rx callback
                     ^
../src/main.c:82:21: note: each undeclared identifier is reported only once for each function it appears in
../src/main.c:91:3: warning: implicit declaration of function 'udp_sendto' [-Wimplicit-function-declaration]
   err = udp_sendto(ptel_pcb, p, &destAddr, UDP_REMOTE_PORT); // actual send
   ^
../src/main.c:97:3: warning: implicit declaration of function 'usleep' [-Wimplicit-function-declaration]
   usleep(100000);
   ^
../src/main.c:99:2: warning: implicit declaration of function 'udp_disconnect' [-Wimplicit-function-declaration]
  udp_disconnect(ptel_pcb);
  ^
make: *** [src/main.o] Error 1
13:16:29 **** Auto Build of configuration Debug for project Syma_Flight_lwip ****
make all 
Building file: ../src/main.c
Invoking: ARM gcc compiler
arm-xilinx-eabi-gcc -Wall -O0 -g3 -c -fmessage-length=0 -MT"src/main.o" -I../../Syma_Flight_lwip_bsp/ps7_cortexa9_0/include -MMD -MP -MF"src/main.d" -MT"src/main.d" -o "src/main.o" "../src/main.c"
../src/main.c: In function 'start_application':
../src/main.c:71:2: warning: implicit declaration of function 'udp_new' [-Wimplicit-function-declaration]
  ptel_pcb = udp_new();
  ^
../src/main.c:71:11: warning: assignment makes pointer from integer without a cast [enabled by default]
  ptel_pcb = udp_new();
           ^
../src/main.c:76:2: warning: implicit declaration of function 'udp_bind' [-Wimplicit-function-declaration]
  err = udp_bind(ptel_pcb, IP_ADDR_ANY, UDP_LISTEN_PORT);
  ^
../src/main.c:82:2: warning: implicit declaration of function 'udp_recv' [-Wimplicit-function-declaration]
  udp_recv(ptel_pcb, callback_udp_recv, NULL); // set rx callback
  ^
../src/main.c:82:21: error: 'callback_udp_recv' undeclared (first use in this function)
  udp_recv(ptel_pcb, callback_udp_recv, NULL); // set rx callback
                     ^
../src/main.c:82:21: note: each undeclared identifier is reported only once for each function it appears in
../src/main.c:91:3: warning: implicit declaration of function 'udp_sendto' [-Wimplicit-function-declaration]
   err = udp_sendto(ptel_pcb, p, &destAddr, UDP_REMOTE_PORT); // actual send
   ^
../src/main.c:97:3: warning: implicit declaration of function 'usleep' [-Wimplicit-function-declaration]
   usleep(100000);
   ^
../src/main.c:99:2: warning: implicit declaration of function 'udp_disconnect' [-Wimplicit-function-declaration]
  udp_disconnect(ptel_pcb);
  ^
make: *** [src/main.o] Error 1
13:16:42 **** Auto Build of configuration Debug for project Syma_Flight_lwip ****
make all 
Building file: ../src/main.c
Invoking: ARM gcc compiler
arm-xilinx-eabi-gcc -Wall -O0 -g3 -c -fmessage-length=0 -MT"src/main.o" -I../../Syma_Flight_lwip_bsp/ps7_cortexa9_0/include -MMD -MP -MF"src/main.d" -MT"src/main.d" -o "src/main.o" "../src/main.c"
../src/main.c: In function 'start_application':
../src/main.c:71:2: warning: implicit declaration of function 'udp_new' [-Wimplicit-function-declaration]
  ptel_pcb = udp_new();
  ^
../src/main.c:71:11: warning: assignment makes pointer from integer without a cast [enabled by default]
  ptel_pcb = udp_new();
           ^
../src/main.c:76:2: warning: implicit declaration of function 'udp_bind' [-Wimplicit-function-declaration]
  err = udp_bind(ptel_pcb, IP_ADDR_ANY, UDP_LISTEN_PORT);
  ^
../src/main.c:82:2: warning: implicit declaration of function 'udp_recv' [-Wimplicit-function-declaration]
  udp_recv(ptel_pcb, callback_udp_recv, NULL); // set rx callback
  ^
../src/main.c:82:21: error: 'callback_udp_recv' undeclared (first use in this function)
  udp_recv(ptel_pcb, callback_udp_recv, NULL); // set rx callback
                     ^
../src/main.c:82:21: note: each undeclared identifier is reported only once for each function it appears in
../src/main.c:91:3: warning: implicit declaration of function 'udp_sendto' [-Wimplicit-function-declaration]
   err = udp_sendto(ptel_pcb, p, &destAddr, UDP_REMOTE_PORT); // actual send
   ^
../src/main.c:97:3: warning: implicit declaration of function 'usleep' [-Wimplicit-function-declaration]
   usleep(100000);
   ^
../src/main.c:99:2: warning: implicit declaration of function 'udp_disconnect' [-Wimplicit-function-declaration]
  udp_disconnect(ptel_pcb);
  ^
make: *** [src/main.o] Error 1
13:17:36 **** Auto Build of configuration Debug for project Syma_Flight_lwip ****
make all 
Building file: ../src/main.c
Invoking: ARM gcc compiler
arm-xilinx-eabi-gcc -Wall -O0 -g3 -c -fmessage-length=0 -MT"src/main.o" -I../../Syma_Flight_lwip_bsp/ps7_cortexa9_0/include -MMD -MP -MF"src/main.d" -MT"src/main.d" -o "src/main.o" "../src/main.c"
../src/main.c: In function 'start_application':
../src/main.c:71:2: warning: implicit declaration of function 'udp_new' [-Wimplicit-function-declaration]
  ptel_pcb = udp_new();
  ^
../src/main.c:71:11: warning: assignment makes pointer from integer without a cast [enabled by default]
  ptel_pcb = udp_new();
           ^
../src/main.c:76:2: warning: implicit declaration of function 'udp_bind' [-Wimplicit-function-declaration]
  err = udp_bind(ptel_pcb, IP_ADDR_ANY, UDP_LISTEN_PORT);
  ^
../src/main.c:82:2: warning: implicit declaration of function 'udp_recv' [-Wimplicit-function-declaration]
  udp_recv(ptel_pcb, callback_udp_recv, NULL); // set rx callback
  ^
../src/main.c:82:21: error: 'callback_udp_recv' undeclared (first use in this function)
  udp_recv(ptel_pcb, callback_udp_recv, NULL); // set rx callback
                     ^
../src/main.c:82:21: note: each undeclared identifier is reported only once for each function it appears in
../src/main.c:91:3: warning: implicit declaration of function 'udp_sendto' [-Wimplicit-function-declaration]
   err = udp_sendto(ptel_pcb, p, &destAddr, UDP_REMOTE_PORT); // actual send
   ^
../src/main.c:97:3: warning: implicit declaration of function 'usleep' [-Wimplicit-function-declaration]
   usleep(100000);
   ^
../src/main.c:99:2: warning: implicit declaration of function 'udp_disconnect' [-Wimplicit-function-declaration]
  udp_disconnect(ptel_pcb);
  ^
make: *** [src/main.o] Error 1
13:17:47 **** Auto Build of configuration Debug for project Syma_Flight_lwip ****
make all 
Building file: ../src/main.c
Invoking: ARM gcc compiler
arm-xilinx-eabi-gcc -Wall -O0 -g3 -c -fmessage-length=0 -MT"src/main.o" -I../../Syma_Flight_lwip_bsp/ps7_cortexa9_0/include -MMD -MP -MF"src/main.d" -MT"src/main.d" -o "src/main.o" "../src/main.c"
../src/main.c:41:79: warning: 'struct udp_pcb' declared inside parameter list [enabled by default]
 void callback_udp_recv(void *arg, struct udp_pcb *pcb, struct pbuf *p, struct ip_addr *addr, u16_t port){
                                                                               ^
../src/main.c:41:79: warning: its scope is only this definition or declaration, which is probably not what you want [enabled by default]
../src/main.c: In function 'start_application':
../src/main.c:68:2: warning: implicit declaration of function 'udp_new' [-Wimplicit-function-declaration]
  ptel_pcb = udp_new();
  ^
../src/main.c:68:11: warning: assignment makes pointer from integer without a cast [enabled by default]
  ptel_pcb = udp_new();
           ^
../src/main.c:73:2: warning: implicit declaration of function 'udp_bind' [-Wimplicit-function-declaration]
  err = udp_bind(ptel_pcb, IP_ADDR_ANY, UDP_LISTEN_PORT);
  ^
../src/main.c:79:2: warning: implicit declaration of function 'udp_recv' [-Wimplicit-function-declaration]
  udp_recv(ptel_pcb, callback_udp_recv, NULL); // set rx callback
  ^
../src/main.c:88:3: warning: implicit declaration of function 'udp_sendto' [-Wimplicit-function-declaration]
   err = udp_sendto(ptel_pcb, p, &destAddr, UDP_REMOTE_PORT); // actual send
   ^
../src/main.c:94:3: warning: implicit declaration of function 'usleep' [-Wimplicit-function-declaration]
   usleep(100000);
   ^
../src/main.c:96:2: warning: implicit declaration of function 'udp_disconnect' [-Wimplicit-function-declaration]
  udp_disconnect(ptel_pcb);
  ^
Finished building: ../src/main.c
 
Building file: ../src/networking.c
Invoking: ARM gcc compiler
arm-xilinx-eabi-gcc -Wall -O0 -g3 -c -fmessage-length=0 -MT"src/networking.o" -I../../Syma_Flight_lwip_bsp/ps7_cortexa9_0/include -MMD -MP -MF"src/networking.d" -MT"src/networking.d" -o "src/networking.o" "../src/networking.c"
../src/networking.c: In function 'setup_network':
../src/networking.c:63:2: warning: implicit declaration of function 'print_app_header' [-Wimplicit-function-declaration]
  print_app_header();
  ^
../src/networking.c:65:2: warning: implicit declaration of function 'lwip_init' [-Wimplicit-function-declaration]
  lwip_init();
  ^
../src/networking.c:70:7: error: 'PLATFORM_EMAC_BASEADDR' undeclared (first use in this function)
       PLATFORM_EMAC_BASEADDR)) {
       ^
../src/networking.c:70:7: note: each undeclared identifier is reported only once for each function it appears in
../src/networking.c:77:2: warning: implicit declaration of function 'platform_enable_interrupts' [-Wimplicit-function-declaration]
  platform_enable_interrupts();
  ^
../src/networking.c:81:2: warning: implicit declaration of function 'print_ip_settings' [-Wimplicit-function-declaration]
  print_ip_settings(&ipaddr, &netmask, &gw);
  ^
make: *** [src/networking.o] Error 1
13:17:59 **** Auto Build of configuration Debug for project Syma_Flight_lwip ****
make all 
Building file: ../src/main.c
Invoking: ARM gcc compiler
arm-xilinx-eabi-gcc -Wall -O0 -g3 -c -fmessage-length=0 -MT"src/main.o" -I../../Syma_Flight_lwip_bsp/ps7_cortexa9_0/include -MMD -MP -MF"src/main.d" -MT"src/main.d" -o "src/main.o" "../src/main.c"
../src/main.c:41:79: warning: 'struct udp_pcb' declared inside parameter list [enabled by default]
 void callback_udp_recv(void *arg, struct udp_pcb *pcb, struct pbuf *p, struct ip_addr *addr, u16_t port){
                                                                               ^
../src/main.c:41:79: warning: its scope is only this definition or declaration, which is probably not what you want [enabled by default]
../src/main.c: In function 'start_application':
../src/main.c:68:2: warning: implicit declaration of function 'udp_new' [-Wimplicit-function-declaration]
  ptel_pcb = udp_new();
  ^
../src/main.c:68:11: warning: assignment makes pointer from integer without a cast [enabled by default]
  ptel_pcb = udp_new();
           ^
../src/main.c:73:2: warning: implicit declaration of function 'udp_bind' [-Wimplicit-function-declaration]
  err = udp_bind(ptel_pcb, IP_ADDR_ANY, UDP_LISTEN_PORT);
  ^
../src/main.c:79:2: warning: implicit declaration of function 'udp_recv' [-Wimplicit-function-declaration]
  udp_recv(ptel_pcb, callback_udp_recv, NULL); // set rx callback
  ^
../src/main.c:88:3: warning: implicit declaration of function 'udp_sendto' [-Wimplicit-function-declaration]
   err = udp_sendto(ptel_pcb, p, &destAddr, UDP_REMOTE_PORT); // actual send
   ^
../src/main.c:94:3: warning: implicit declaration of function 'usleep' [-Wimplicit-function-declaration]
   usleep(100000);
   ^
../src/main.c:96:2: warning: implicit declaration of function 'udp_disconnect' [-Wimplicit-function-declaration]
  udp_disconnect(ptel_pcb);
  ^
Finished building: ../src/main.c
 
Building file: ../src/networking.c
Invoking: ARM gcc compiler
arm-xilinx-eabi-gcc -Wall -O0 -g3 -c -fmessage-length=0 -MT"src/networking.o" -I../../Syma_Flight_lwip_bsp/ps7_cortexa9_0/include -MMD -MP -MF"src/networking.d" -MT"src/networking.d" -o "src/networking.o" "../src/networking.c"
../src/networking.c: In function 'setup_network':
../src/networking.c:63:2: warning: implicit declaration of function 'print_app_header' [-Wimplicit-function-declaration]
  print_app_header();
  ^
../src/networking.c:65:2: warning: implicit declaration of function 'lwip_init' [-Wimplicit-function-declaration]
  lwip_init();
  ^
../src/networking.c:70:7: error: 'PLATFORM_EMAC_BASEADDR' undeclared (first use in this function)
       PLATFORM_EMAC_BASEADDR)) {
       ^
../src/networking.c:70:7: note: each undeclared identifier is reported only once for each function it appears in
../src/networking.c:77:2: warning: implicit declaration of function 'platform_enable_interrupts' [-Wimplicit-function-declaration]
  platform_enable_interrupts();
  ^
../src/networking.c:81:2: warning: implicit declaration of function 'print_ip_settings' [-Wimplicit-function-declaration]
  print_ip_settings(&ipaddr, &netmask, &gw);
  ^
make: *** [src/networking.o] Error 1
13:18:08 **** Auto Build of configuration Debug for project Syma_Flight_lwip ****
make all 
Building file: ../src/main.c
Invoking: ARM gcc compiler
arm-xilinx-eabi-gcc -Wall -O0 -g3 -c -fmessage-length=0 -MT"src/main.o" -I../../Syma_Flight_lwip_bsp/ps7_cortexa9_0/include -MMD -MP -MF"src/main.d" -MT"src/main.d" -o "src/main.o" "../src/main.c"
../src/main.c:41:79: warning: 'struct udp_pcb' declared inside parameter list [enabled by default]
 void callback_udp_recv(void *arg, struct udp_pcb *pcb, struct pbuf *p, struct ip_addr *addr, u16_t port){
                                                                               ^
../src/main.c:41:79: warning: its scope is only this definition or declaration, which is probably not what you want [enabled by default]
../src/main.c: In function 'start_application':
../src/main.c:68:2: warning: implicit declaration of function 'udp_new' [-Wimplicit-function-declaration]
  ptel_pcb = udp_new();
  ^
../src/main.c:68:11: warning: assignment makes pointer from integer without a cast [enabled by default]
  ptel_pcb = udp_new();
           ^
../src/main.c:73:2: warning: implicit declaration of function 'udp_bind' [-Wimplicit-function-declaration]
  err = udp_bind(ptel_pcb, IP_ADDR_ANY, UDP_LISTEN_PORT);
  ^
../src/main.c:79:2: warning: implicit declaration of function 'udp_recv' [-Wimplicit-function-declaration]
  udp_recv(ptel_pcb, callback_udp_recv, NULL); // set rx callback
  ^
../src/main.c:88:3: warning: implicit declaration of function 'udp_sendto' [-Wimplicit-function-declaration]
   err = udp_sendto(ptel_pcb, p, &destAddr, UDP_REMOTE_PORT); // actual send
   ^
../src/main.c:94:3: warning: implicit declaration of function 'usleep' [-Wimplicit-function-declaration]
   usleep(100000);
   ^
../src/main.c:96:2: warning: implicit declaration of function 'udp_disconnect' [-Wimplicit-function-declaration]
  udp_disconnect(ptel_pcb);
  ^
Finished building: ../src/main.c
 
Building file: ../src/networking.c
Invoking: ARM gcc compiler
arm-xilinx-eabi-gcc -Wall -O0 -g3 -c -fmessage-length=0 -MT"src/networking.o" -I../../Syma_Flight_lwip_bsp/ps7_cortexa9_0/include -MMD -MP -MF"src/networking.d" -MT"src/networking.d" -o "src/networking.o" "../src/networking.c"
../src/networking.c: In function 'setup_network':
../src/networking.c:63:2: warning: implicit declaration of function 'print_app_header' [-Wimplicit-function-declaration]
  print_app_header();
  ^
../src/networking.c:65:2: warning: implicit declaration of function 'lwip_init' [-Wimplicit-function-declaration]
  lwip_init();
  ^
../src/networking.c:70:7: error: 'PLATFORM_EMAC_BASEADDR' undeclared (first use in this function)
       PLATFORM_EMAC_BASEADDR)) {
       ^
../src/networking.c:70:7: note: each undeclared identifier is reported only once for each function it appears in
../src/networking.c:77:2: warning: implicit declaration of function 'platform_enable_interrupts' [-Wimplicit-function-declaration]
  platform_enable_interrupts();
  ^
../src/networking.c:81:2: warning: implicit declaration of function 'print_ip_settings' [-Wimplicit-function-declaration]
  print_ip_settings(&ipaddr, &netmask, &gw);
  ^
make: *** [src/networking.o] Error 1
13:18:19 **** Auto Build of configuration Debug for project Syma_Flight_lwip ****
make all 
Building file: ../src/networking.c
Invoking: ARM gcc compiler
arm-xilinx-eabi-gcc -Wall -O0 -g3 -c -fmessage-length=0 -MT"src/networking.o" -I../../Syma_Flight_lwip_bsp/ps7_cortexa9_0/include -MMD -MP -MF"src/networking.d" -MT"src/networking.d" -o "src/networking.o" "../src/networking.c"
../src/networking.c: In function 'setup_network':
../src/networking.c:81:2: warning: implicit declaration of function 'print_app_header' [-Wimplicit-function-declaration]
  print_app_header();
  ^
../src/networking.c:83:2: warning: implicit declaration of function 'lwip_init' [-Wimplicit-function-declaration]
  lwip_init();
  ^
../src/networking.c:88:7: error: 'PLATFORM_EMAC_BASEADDR' undeclared (first use in this function)
       PLATFORM_EMAC_BASEADDR)) {
       ^
../src/networking.c:88:7: note: each undeclared identifier is reported only once for each function it appears in
../src/networking.c:95:2: warning: implicit declaration of function 'platform_enable_interrupts' [-Wimplicit-function-declaration]
  platform_enable_interrupts();
  ^
make: *** [src/networking.o] Error 1
13:18:43 **** Auto Build of configuration Debug for project Syma_Flight_lwip ****
make all 
Building file: ../src/networking.c
Invoking: ARM gcc compiler
arm-xilinx-eabi-gcc -Wall -O0 -g3 -c -fmessage-length=0 -MT"src/networking.o" -I../../Syma_Flight_lwip_bsp/ps7_cortexa9_0/include -MMD -MP -MF"src/networking.d" -MT"src/networking.d" -o "src/networking.o" "../src/networking.c"
../src/networking.c: In function 'setup_network':
../src/networking.c:82:2: warning: implicit declaration of function 'print_app_header' [-Wimplicit-function-declaration]
  print_app_header();
  ^
../src/networking.c:84:2: warning: implicit declaration of function 'lwip_init' [-Wimplicit-function-declaration]
  lwip_init();
  ^
../src/networking.c:96:2: warning: implicit declaration of function 'platform_enable_interrupts' [-Wimplicit-function-declaration]
  platform_enable_interrupts();
  ^
Finished building: ../src/networking.c
 
Building target: Syma_Flight_lwip.elf
Invoking: ARM gcc linker
arm-xilinx-eabi-gcc -Wl,-T -Wl,../src/lscript.ld -L../../Syma_Flight_lwip_bsp/ps7_cortexa9_0/lib -o "Syma_Flight_lwip.elf"  ./src/main.o ./src/networking.o ./src/platform.o ./src/platform_zynq.o ./src/xdevcfg_selftest_example.o ./src/xdmaps_example_w_intr.o ./src/xemacps_example_intr_dma.o ./src/xemacps_example_util.o ./src/xqspips_selftest_example.o ./src/xscugic_tapp_example.o ./src/xscutimer_intr_example.o ./src/xscutimer_polled_example.o ./src/xscuwdt_intr_example.o ./src/xtmrctr_intr_example.o ./src/xtmrctr_selftest_example.o   -Wl,--start-group,-lxil,-lgcc,-lc,--end-group -Wl,--start-group,-lxil,-llwip4,-lgcc,-lc,--end-group
./src/networking.o: In function `setup_network':
/DIST/home/asoehn/Syma_Flight_Final/Syma_Flight_Final.sdk/Syma_Flight_lwip/Debug/../src/networking.c:82: undefined reference to `print_app_header'
collect2: error: ld returned 1 exit status
make: *** [Syma_Flight_lwip.elf] Error 1
13:18:50 **** Auto Build of configuration Debug for project Syma_Flight_lwip ****
make all 
Building file: ../src/networking.c
[...]
Finished building: ../src/xscutimer_intr_example.c
 
Building file: ../src/xscutimer_polled_example.c
Invoking: ARM gcc compiler
arm-xilinx-eabi-gcc -Wall -O0 -g3 -c -fmessage-length=0 -MT"src/xscutimer_polled_example.o" -I../../Syma_Flight_lwip_bsp/ps7_cortexa9_0/include -MMD -MP -MF"src/xscutimer_polled_example.d" -MT"src/xscutimer_polled_example.d" -o "src/xscutimer_polled_example.o" "../src/xscutimer_polled_example.c"
Finished building: ../src/xscutimer_polled_example.c
 
Building file: ../src/xscuwdt_intr_example.c
Invoking: ARM gcc compiler
arm-xilinx-eabi-gcc -Wall -O0 -g3 -c -fmessage-length=0 -MT"src/xscuwdt_intr_example.o" -I../../Syma_Flight_lwip_bsp/ps7_cortexa9_0/include -MMD -MP -MF"src/xscuwdt_intr_example.d" -MT"src/xscuwdt_intr_example.d" -o "src/xscuwdt_intr_example.o" "../src/xscuwdt_intr_example.c"
Finished building: ../src/xscuwdt_intr_example.c
 
Building file: ../src/xtmrctr_intr_example.c
Invoking: ARM gcc compiler
arm-xilinx-eabi-gcc -Wall -O0 -g3 -c -fmessage-length=0 -MT"src/xtmrctr_intr_example.o" -I../../Syma_Flight_lwip_bsp/ps7_cortexa9_0/include -MMD -MP -MF"src/xtmrctr_intr_example.d" -MT"src/xtmrctr_intr_example.d" -o "src/xtmrctr_intr_example.o" "../src/xtmrctr_intr_example.c"
Finished building: ../src/xtmrctr_intr_example.c
 
Building file: ../src/xtmrctr_selftest_example.c
Invoking: ARM gcc compiler
arm-xilinx-eabi-gcc -Wall -O0 -g3 -c -fmessage-length=0 -MT"src/xtmrctr_selftest_example.o" -I../../Syma_Flight_lwip_bsp/ps7_cortexa9_0/include -MMD -MP -MF"src/xtmrctr_selftest_example.d" -MT"src/xtmrctr_selftest_example.d" -o "src/xtmrctr_selftest_example.o" "../src/xtmrctr_selftest_example.c"
Finished building: ../src/xtmrctr_selftest_example.c
 
Building target: Syma_Flight_lwip.elf
Invoking: ARM gcc linker
arm-xilinx-eabi-gcc -Wl,-T -Wl,../src/lscript.ld -L../../Syma_Flight_lwip_bsp/ps7_cortexa9_0/lib -o "Syma_Flight_lwip.elf"  ./src/main.o ./src/networking.o ./src/platform.o ./src/platform_zynq.o ./src/xdevcfg_selftest_example.o ./src/xdmaps_example_w_intr.o ./src/xemacps_example_intr_dma.o ./src/xemacps_example_util.o ./src/xqspips_selftest_example.o ./src/xscugic_tapp_example.o ./src/xscutimer_intr_example.o ./src/xscutimer_polled_example.o ./src/xscuwdt_intr_example.o ./src/xtmrctr_intr_example.o ./src/xtmrctr_selftest_example.o   -Wl,--start-group,-lxil,-lgcc,-lc,--end-group -Wl,--start-group,-lxil,-llwip4,-lgcc,-lc,--end-group
Finished building target: Syma_Flight_lwip.elf
 
Invoking: ARM Print Size
arm-xilinx-eabi-size Syma_Flight_lwip.elf  |tee "Syma_Flight_lwip.elf.size"
   text	   data	    bss	    dec	    hex	filename
 134020	   3296	 662048	 799364	  c3284	Syma_Flight_lwip.elf
Finished building: Syma_Flight_lwip.elf.size
 
make: warning:  Clock skew detected.  Your build may be incomplete.
10:05:22 **** Auto Build of configuration Debug for project Syma_Flight ****
make all 
make: Warning: File `src/subdir.mk' has modification time 0.14 s in the future
make: warning:  Clock skew detected.  Your build may be incomplete.
make: Nothing to be done for `all'.
10:05:23 **** Auto Build of configuration Debug for project test_lwip ****
make all 
Building file: ../src/echo.c
Invoking: ARM gcc compiler
arm-xilinx-eabi-gcc -Wall -O0 -g3 -c -fmessage-length=0 -MT"src/echo.o" -I../../Syma_Flight_lwip_bsp/ps7_cortexa9_0/include -MMD -MP -MF"src/echo.d" -MT"src/echo.d" -o "src/echo.o" "../src/echo.c"
Finished building: ../src/echo.c
 
Building file: ../src/i2c_access.c
Invoking: ARM gcc compiler
arm-xilinx-eabi-gcc -Wall -O0 -g3 -c -fmessage-length=0 -MT"src/i2c_access.o" -I../../Syma_Flight_lwip_bsp/ps7_cortexa9_0/include -MMD -MP -MF"src/i2c_access.d" -MT"src/i2c_access.d" -o "src/i2c_access.o" "../src/i2c_access.c"
Finished building: ../src/i2c_access.c
 
Building file: ../src/main.c
Invoking: ARM gcc compiler
arm-xilinx-eabi-gcc -Wall -O0 -g3 -c -fmessage-length=0 -MT"src/main.o" -I../../Syma_Flight_lwip_bsp/ps7_cortexa9_0/include -MMD -MP -MF"src/main.d" -MT"src/main.d" -o "src/main.o" "../src/main.c"
Finished building: ../src/main.c
 
Building file: ../src/platform_zynq.c
Invoking: ARM gcc compiler
arm-xilinx-eabi-gcc -Wall -O0 -g3 -c -fmessage-length=0 -MT"src/platform_zynq.o" -I../../Syma_Flight_lwip_bsp/ps7_cortexa9_0/include -MMD -MP -MF"src/platform_zynq.d" -MT"src/platform_zynq.d" -o "src/platform_zynq.o" "../src/platform_zynq.c"
Finished building: ../src/platform_zynq.c
 
Building file: ../src/sfp.c
Invoking: ARM gcc compiler
arm-xilinx-eabi-gcc -Wall -O0 -g3 -c -fmessage-length=0 -MT"src/sfp.o" -I../../Syma_Flight_lwip_bsp/ps7_cortexa9_0/include -MMD -MP -MF"src/sfp.d" -MT"src/sfp.d" -o "src/sfp.o" "../src/sfp.c"
Finished building: ../src/sfp.c
 
Building file: ../src/si5324.c
Invoking: ARM gcc compiler
arm-xilinx-eabi-gcc -Wall -O0 -g3 -c -fmessage-length=0 -MT"src/si5324.o" -I../../Syma_Flight_lwip_bsp/ps7_cortexa9_0/include -MMD -MP -MF"src/si5324.d" -MT"src/si5324.d" -o "src/si5324.o" "../src/si5324.c"
Finished building: ../src/si5324.c
 
Building target: test_lwip.elf
Invoking: ARM gcc linker
arm-xilinx-eabi-gcc -Wl,-T -Wl,../src/lscript.ld -L../../Syma_Flight_lwip_bsp/ps7_cortexa9_0/lib -o "test_lwip.elf"  ./src/echo.o ./src/i2c_access.o ./src/main.o ./src/platform.o ./src/platform_mb.o ./src/platform_ppc.o ./src/platform_zynq.o ./src/sfp.o ./src/si5324.o   -Wl,--start-group,-lxil,-lgcc,-lc,--end-group -Wl,--start-group,-lxil,-llwip4,-lgcc,-lc,--end-group
Finished building target: test_lwip.elf
 
Invoking: ARM Print Size
arm-xilinx-eabi-size test_lwip.elf  |tee "test_lwip.elf.size"
   text	   data	    bss	    dec	    hex	filename
  96912	   3152	 713436	 813500	  c69bc	test_lwip.elf
Finished building: test_lwip.elf.size
 
10:05:39 **** Incremental Build of configuration Debug for project Syma_Flight_lwip ****
make all 
make: Warning: File `src/subdir.mk' has modification time 0.018 s in the future
make: warning:  Clock skew detected.  Your build may be incomplete.
make: Nothing to be done for `all'.
10:05:40 **** Incremental Build of configuration Debug for project Syma_Flight ****
make all 
make: Warning: File `src/subdir.mk' has modification time 0.35 s in the future
make: warning:  Clock skew detected.  Your build may be incomplete.
make: Nothing to be done for `all'.
10:05:41 **** Incremental Build of configuration Debug for project test_lwip ****
make all 
make: Nothing to be done for `all'.
10:06:09 **** Incremental Build of configuration Debug for project Syma_Flight_lwip ****
make all 
make: Warning: File `src/subdir.mk' has modification time 0.15 s in the future
make: warning:  Clock skew detected.  Your build may be incomplete.
make: Nothing to be done for `all'.
10:06:10 **** Incremental Build of configuration Debug for project Syma_Flight ****
make all 
make: Nothing to be done for `all'.
10:06:10 **** Incremental Build of configuration Debug for project test_lwip ****
make all 
make: Warning: File `src/subdir.mk' has modification time 0.21 s in the future
make: warning:  Clock skew detected.  Your build may be incomplete.
make: Nothing to be done for `all'.
10:06:41 **** Incremental Build of configuration Debug for project Syma_Flight_lwip ****
make all 
make: Nothing to be done for `all'.
10:06:41 **** Incremental Build of configuration Debug for project Syma_Flight ****
make all 
make: Warning: File `src/subdir.mk' has modification time 0.45 s in the future
make: Nothing to be done for `all'.
make: warning:  Clock skew detected.  Your build may be incomplete.
10:06:41 **** Incremental Build of configuration Debug for project test_lwip ****
make all 
make: Warning: File `src/subdir.mk' has modification time 0.0085 s in the future
make: warning:  Clock skew detected.  Your build may be incomplete.
make: Nothing to be done for `all'.
10:07:20 **** Incremental Build of configuration Debug for project Syma_Flight_lwip ****
make all 
make: Nothing to be done for `all'.
10:07:20 **** Incremental Build of configuration Debug for project Syma_Flight ****
make all 
make: Warning: File `src/subdir.mk' has modification time 0.28 s in the future
make: warning:  Clock skew detected.  Your build may be incomplete.
make: Nothing to be done for `all'.
10:07:21 **** Incremental Build of configuration Debug for project test_lwip ****
make all 
make: Nothing to be done for `all'.
10:07:47 **** Incremental Build of configuration Debug for project Syma_Flight_lwip ****
make all 
make: Nothing to be done for `all'.
10:07:47 **** Incremental Build of configuration Debug for project Syma_Flight ****
make all 
make: Warning: File `src/subdir.mk' has modification time 0.43 s in the future
make: Nothing to be done for `all'.
make: warning:  Clock skew detected.  Your build may be incomplete.
10:07:47 **** Incremental Build of configuration Debug for project test_lwip ****
make all 
make: Warning: File `src/subdir.mk' has modification time 0.054 s in the future
make: Nothing to be done for `all'.
make: warning:  Clock skew detected.  Your build may be incomplete.
10:08:38 **** Incremental Build of configuration Debug for project Syma_Flight_lwip ****
make all 
make: Nothing to be done for `all'.
10:08:38 **** Incremental Build of configuration Debug for project Syma_Flight ****
make all 
make: Warning: File `src/subdir.mk' has modification time 0.28 s in the future
make: Nothing to be done for `all'.
make: warning:  Clock skew detected.  Your build may be incomplete.
10:08:39 **** Incremental Build of configuration Debug for project test_lwip ****
make all 
make: Nothing to be done for `all'.
10:09:23 **** Incremental Build of configuration Debug for project Syma_Flight_lwip ****
make all 
make: Nothing to be done for `all'.
10:09:23 **** Incremental Build of configuration Debug for project Syma_Flight ****
make all 
make: Warning: File `src/subdir.mk' has modification time 0.34 s in the future
make: Nothing to be done for `all'.
make: warning:  Clock skew detected.  Your build may be incomplete.
10:09:24 **** Incremental Build of configuration Debug for project test_lwip ****
make all 
make: Nothing to be done for `all'.
10:17:26 **** Auto Build of configuration Debug for project Syma_Flight_lwip ****
make all 
Building file: ../src/main.c
Invoking: ARM gcc compiler
arm-xilinx-eabi-gcc -Wall -O0 -g3 -c -fmessage-length=0 -MT"src/main.o" -I../../Syma_Flight_lwip_bsp/ps7_cortexa9_0/include -MMD -MP -MF"src/main.d" -MT"src/main.d" -o "src/main.o" "../src/main.c"
../src/main.c: In function 'main':
../src/main.c:177:7: warning: unused variable 'i' [-Wunused-variable]
   int i = 0;
       ^
../src/main.c:114:7: warning: variable 'throttle_raw' set but not used [-Wunused-but-set-variable]
  long throttle_raw = 0;
       ^
../src/main.c:102:16: warning: unused variable 'unsigned_temp' [-Wunused-variable]
  unsigned long unsigned_temp;      //*< Temporary variable, needed during the calculation for the throttle
                ^
../src/main.c:97:29: warning: unused variable 'throttle_max' [-Wunused-variable]
  const static unsigned long throttle_max = 0x8c68; //*< The minimal counter value of the throttle using a Graupner mx-12 */
                             ^
../src/main.c:96:29: warning: unused variable 'throttle_min' [-Wunused-variable]
  const static unsigned long throttle_min = 0x4170; //*< The minimal counter value of the throttle using a Graupner mx-12 */
                             ^
Finished building: ../src/main.c
 
Building target: Syma_Flight_lwip.elf
Invoking: ARM gcc linker
arm-xilinx-eabi-gcc -Wl,-T -Wl,../src/lscript.ld -L../../Syma_Flight_lwip_bsp/ps7_cortexa9_0/lib -o "Syma_Flight_lwip.elf"  ./src/main.o ./src/networking.o ./src/platform.o ./src/platform_zynq.o ./src/xdevcfg_selftest_example.o ./src/xdmaps_example_w_intr.o ./src/xemacps_example_intr_dma.o ./src/xemacps_example_util.o ./src/xqspips_selftest_example.o ./src/xscugic_tapp_example.o ./src/xscutimer_intr_example.o ./src/xscutimer_polled_example.o ./src/xscuwdt_intr_example.o ./src/xtmrctr_intr_example.o ./src/xtmrctr_selftest_example.o   -Wl,--start-group,-lxil,-lgcc,-lc,--end-group -Wl,--start-group,-lxil,-llwip4,-lgcc,-lc,--end-group
Finished building target: Syma_Flight_lwip.elf
 
Invoking: ARM Print Size
arm-xilinx-eabi-size Syma_Flight_lwip.elf  |tee "Syma_Flight_lwip.elf.size"
   text	   data	    bss	    dec	    hex	filename
 134148	   3296	 662048	 799492	  c3304	Syma_Flight_lwip.elf
Finished building: Syma_Flight_lwip.elf.size
 
10:17:29 **** Incremental Build of configuration Debug for project Syma_Flight_lwip ****
make all 
make: Nothing to be done for `all'.
10:17:29 **** Incremental Build of configuration Debug for project Syma_Flight ****
make all 
make: Warning: File `src/subdir.mk' has modification time 0.065 s in the future
make: Nothing to be done for `all'.
make: warning:  Clock skew detected.  Your build may be incomplete.
10:17:30 **** Incremental Build of configuration Debug for project test_lwip ****
make all 
make: Nothing to be done for `all'.
10:25:59 **** Incremental Build of configuration Debug for project Syma_Flight_lwip ****
make all 
make: Nothing to be done for `all'.
10:26:00 **** Incremental Build of configuration Debug for project Syma_Flight ****
make all 
make: Nothing to be done for `all'.
10:26:00 **** Incremental Build of configuration Debug for project test_lwip ****
make all 
make: Nothing to be done for `all'.
10:30:40 **** Incremental Build of configuration Debug for project Syma_Flight_lwip ****
make all 
make: Nothing to be done for `all'.
10:30:41 **** Incremental Build of configuration Debug for project Syma_Flight ****
make all 
make: Nothing to be done for `all'.
10:30:41 **** Incremental Build of configuration Debug for project test_lwip ****
make all 
make: Nothing to be done for `all'.
10:51:35 **** Incremental Build of configuration Debug for project Syma_Flight_lwip ****
make all 
make: Nothing to be done for `all'.
10:51:35 **** Incremental Build of configuration Debug for project Syma_Flight ****
make all 
make: Nothing to be done for `all'.
10:51:36 **** Incremental Build of configuration Debug for project test_lwip ****
make all 
make: Nothing to be done for `all'.
10:57:40 **** Incremental Build of configuration Debug for project Syma_Flight_lwip ****
make all 
make: Nothing to be done for `all'.
10:57:40 **** Incremental Build of configuration Debug for project Syma_Flight ****
make all 
make: Nothing to be done for `all'.
10:57:41 **** Incremental Build of configuration Debug for project test_lwip ****
make all 
make: Nothing to be done for `all'.
11:00:01 **** Incremental Build of configuration Debug for project Syma_Flight_lwip ****
make all 
make: Nothing to be done for `all'.
11:00:02 **** Incremental Build of configuration Debug for project Syma_Flight ****
make all 
make: Nothing to be done for `all'.
11:00:02 **** Incremental Build of configuration Debug for project test_lwip ****
make all 
make: Nothing to be done for `all'.
11:02:51 **** Auto Build of configuration Debug for project Syma_Flight_lwip ****
make all 
Building file: ../src/main.c
Invoking: ARM gcc compiler
arm-xilinx-eabi-gcc -Wall -O0 -g3 -c -fmessage-length=0 -MT"src/main.o" -I../../Syma_Flight_lwip_bsp/ps7_cortexa9_0/include -MMD -MP -MF"src/main.d" -MT"src/main.d" -o "src/main.o" "../src/main.c"
../src/main.c: In function 'main':
../src/main.c:177:7: warning: unused variable 'i' [-Wunused-variable]
   int i = 0;
       ^
../src/main.c:114:7: warning: variable 'throttle_raw' set but not used [-Wunused-but-set-variable]
  long throttle_raw = 0;
       ^
../src/main.c:102:16: warning: unused variable 'unsigned_temp' [-Wunused-variable]
  unsigned long unsigned_temp;      //*< Temporary variable, needed during the calculation for the throttle
                ^
../src/main.c:97:29: warning: unused variable 'throttle_max' [-Wunused-variable]
  const static unsigned long throttle_max = 0x8c68; //*< The minimal counter value of the throttle using a Graupner mx-12 */
                             ^
../src/main.c:96:29: warning: unused variable 'throttle_min' [-Wunused-variable]
  const static unsigned long throttle_min = 0x4170; //*< The minimal counter value of the throttle using a Graupner mx-12 */
                             ^
Finished building: ../src/main.c
 
Building target: Syma_Flight_lwip.elf
Invoking: ARM gcc linker
arm-xilinx-eabi-gcc -Wl,-T -Wl,../src/lscript.ld -L../../Syma_Flight_lwip_bsp/ps7_cortexa9_0/lib -o "Syma_Flight_lwip.elf"  ./src/main.o ./src/networking.o ./src/platform.o ./src/platform_zynq.o ./src/xdevcfg_selftest_example.o ./src/xdmaps_example_w_intr.o ./src/xemacps_example_intr_dma.o ./src/xemacps_example_util.o ./src/xqspips_selftest_example.o ./src/xscugic_tapp_example.o ./src/xscutimer_intr_example.o ./src/xscutimer_polled_example.o ./src/xscuwdt_intr_example.o ./src/xtmrctr_intr_example.o ./src/xtmrctr_selftest_example.o   -Wl,--start-group,-lxil,-lgcc,-lc,--end-group -Wl,--start-group,-lxil,-llwip4,-lgcc,-lc,--end-group
Finished building target: Syma_Flight_lwip.elf
 
Invoking: ARM Print Size
arm-xilinx-eabi-size Syma_Flight_lwip.elf  |tee "Syma_Flight_lwip.elf.size"
   text	   data	    bss	    dec	    hex	filename
 134148	   3296	 662048	 799492	  c3304	Syma_Flight_lwip.elf
Finished building: Syma_Flight_lwip.elf.size
 
11:06:58 **** Incremental Build of configuration Debug for project Syma_Flight_lwip ****
make all 
make: Nothing to be done for `all'.
11:06:59 **** Incremental Build of configuration Debug for project Syma_Flight ****
make all 
make: Nothing to be done for `all'.
11:06:59 **** Incremental Build of configuration Debug for project test_lwip ****
make all 
make: Nothing to be done for `all'.
11:08:06 **** Incremental Build of configuration Debug for project Syma_Flight_lwip ****
make all 
make: Nothing to be done for `all'.
11:08:07 **** Incremental Build of configuration Debug for project Syma_Flight ****
make all 
make: Nothing to be done for `all'.
11:08:07 **** Incremental Build of configuration Debug for project test_lwip ****
make all 
make: Nothing to be done for `all'.
11:48:43 **** Incremental Build of configuration Debug for project Syma_Flight_lwip ****
make all 
make: Nothing to be done for `all'.
11:48:44 **** Incremental Build of configuration Debug for project Syma_Flight ****
make all 
make: Nothing to be done for `all'.
11:48:44 **** Incremental Build of configuration Debug for project test_lwip ****
make all 
make: Nothing to be done for `all'.
11:53:43 **** Incremental Build of configuration Debug for project Syma_Flight_lwip ****
make all 
make: Nothing to be done for `all'.
11:53:44 **** Incremental Build of configuration Debug for project Syma_Flight ****
make all 
make: Nothing to be done for `all'.
11:53:44 **** Incremental Build of configuration Debug for project test_lwip ****
make all 
make: Nothing to be done for `all'.
13:03:05 **** Incremental Build of configuration Debug for project Syma_Flight_lwip ****
make all 
make: Nothing to be done for `all'.
13:03:05 **** Incremental Build of configuration Debug for project Syma_Flight ****
make all 
make: Nothing to be done for `all'.
13:03:06 **** Incremental Build of configuration Debug for project test_lwip ****
make all 
make: Nothing to be done for `all'.
13:04:36 **** Incremental Build of configuration Debug for project Syma_Flight_lwip ****
make all 
make: Nothing to be done for `all'.
13:04:36 **** Incremental Build of configuration Debug for project Syma_Flight ****
make all 
make: Nothing to be done for `all'.
13:04:37 **** Incremental Build of configuration Debug for project test_lwip ****
make all 
make: Nothing to be done for `all'.
14:31:18 **** Incremental Build of configuration Debug for project Syma_Flight_lwip ****
make all 
make: Nothing to be done for `all'.
14:31:19 **** Incremental Build of configuration Debug for project Syma_Flight ****
make all 
make: Nothing to be done for `all'.
14:31:19 **** Incremental Build of configuration Debug for project test_lwip ****
make all 
make: Nothing to be done for `all'.
